Archive member included to satisfy reference by file (symbol)

C:/ST/STM32CubeIDE_1.19.0/STM32CubeIDE/plugins/com.st.stm32cube.ide.mcu.externaltools.gnu-tools-for-stm32.13.3.rel1.win32_1.0.100.202509120712/tools/bin/../lib/gcc/arm-none-eabi/13.3.1/../../../../arm-none-eabi/lib/thumb/v7e-m+fp/hard\libc_nano.a(libc_a-assert.o)
                              ./Core/Src/cayenne_lpp.o (__assert_func)
C:/ST/STM32CubeIDE_1.19.0/STM32CubeIDE/plugins/com.st.stm32cube.ide.mcu.externaltools.gnu-tools-for-stm32.13.3.rel1.win32_1.0.100.202509120712/tools/bin/../lib/gcc/arm-none-eabi/13.3.1/../../../../arm-none-eabi/lib/thumb/v7e-m+fp/hard\libc_nano.a(libc_a-exit.o)
                              C:/ST/STM32CubeIDE_1.19.0/STM32CubeIDE/plugins/com.st.stm32cube.ide.mcu.externaltools.gnu-tools-for-stm32.13.3.rel1.win32_1.0.100.202509120712/tools/bin/../lib/gcc/arm-none-eabi/13.3.1/../../../../arm-none-eabi/lib/thumb/v7e-m+fp/hard/crt0.o (exit)
C:/ST/STM32CubeIDE_1.19.0/STM32CubeIDE/plugins/com.st.stm32cube.ide.mcu.externaltools.gnu-tools-for-stm32.13.3.rel1.win32_1.0.100.202509120712/tools/bin/../lib/gcc/arm-none-eabi/13.3.1/../../../../arm-none-eabi/lib/thumb/v7e-m+fp/hard\libc_nano.a(libc_a-efgcvt.o)
                              ./Core/Src/debug.o (gcvt)
C:/ST/STM32CubeIDE_1.19.0/STM32CubeIDE/plugins/com.st.stm32cube.ide.mcu.externaltools.gnu-tools-for-stm32.13.3.rel1.win32_1.0.100.202509120712/tools/bin/../lib/gcc/arm-none-eabi/13.3.1/../../../../arm-none-eabi/lib/thumb/v7e-m+fp/hard\libc_nano.a(libc_a-nano-vfprintf_float.o)
                              (_printf_float)
C:/ST/STM32CubeIDE_1.19.0/STM32CubeIDE/plugins/com.st.stm32cube.ide.mcu.externaltools.gnu-tools-for-stm32.13.3.rel1.win32_1.0.100.202509120712/tools/bin/../lib/gcc/arm-none-eabi/13.3.1/../../../../arm-none-eabi/lib/thumb/v7e-m+fp/hard\libc_nano.a(libc_a-nano-vfprintf_i.o)
                              C:/ST/STM32CubeIDE_1.19.0/STM32CubeIDE/plugins/com.st.stm32cube.ide.mcu.externaltools.gnu-tools-for-stm32.13.3.rel1.win32_1.0.100.202509120712/tools/bin/../lib/gcc/arm-none-eabi/13.3.1/../../../../arm-none-eabi/lib/thumb/v7e-m+fp/hard\libc_nano.a(libc_a-nano-vfprintf_float.o) (_printf_common)
C:/ST/STM32CubeIDE_1.19.0/STM32CubeIDE/plugins/com.st.stm32cube.ide.mcu.externaltools.gnu-tools-for-stm32.13.3.rel1.win32_1.0.100.202509120712/tools/bin/../lib/gcc/arm-none-eabi/13.3.1/../../../../arm-none-eabi/lib/thumb/v7e-m+fp/hard\libc_nano.a(libc_a-nano-vfscanf_float.o)
                              (_scanf_float)
C:/ST/STM32CubeIDE_1.19.0/STM32CubeIDE/plugins/com.st.stm32cube.ide.mcu.externaltools.gnu-tools-for-stm32.13.3.rel1.win32_1.0.100.202509120712/tools/bin/../lib/gcc/arm-none-eabi/13.3.1/../../../../arm-none-eabi/lib/thumb/v7e-m+fp/hard\libc_nano.a(libc_a-findfp.o)
                              C:/ST/STM32CubeIDE_1.19.0/STM32CubeIDE/plugins/com.st.stm32cube.ide.mcu.externaltools.gnu-tools-for-stm32.13.3.rel1.win32_1.0.100.202509120712/tools/bin/../lib/gcc/arm-none-eabi/13.3.1/../../../../arm-none-eabi/lib/thumb/v7e-m+fp/hard\libc_nano.a(libc_a-exit.o) (__stdio_exit_handler)
C:/ST/STM32CubeIDE_1.19.0/STM32CubeIDE/plugins/com.st.stm32cube.ide.mcu.externaltools.gnu-tools-for-stm32.13.3.rel1.win32_1.0.100.202509120712/tools/bin/../lib/gcc/arm-none-eabi/13.3.1/../../../../arm-none-eabi/lib/thumb/v7e-m+fp/hard\libc_nano.a(libc_a-fprintf.o)
                              C:/ST/STM32CubeIDE_1.19.0/STM32CubeIDE/plugins/com.st.stm32cube.ide.mcu.externaltools.gnu-tools-for-stm32.13.3.rel1.win32_1.0.100.202509120712/tools/bin/../lib/gcc/arm-none-eabi/13.3.1/../../../../arm-none-eabi/lib/thumb/v7e-m+fp/hard\libc_nano.a(libc_a-assert.o) (fiprintf)
C:/ST/STM32CubeIDE_1.19.0/STM32CubeIDE/plugins/com.st.stm32cube.ide.mcu.externaltools.gnu-tools-for-stm32.13.3.rel1.win32_1.0.100.202509120712/tools/bin/../lib/gcc/arm-none-eabi/13.3.1/../../../../arm-none-eabi/lib/thumb/v7e-m+fp/hard\libc_nano.a(libc_a-fwalk.o)
                              C:/ST/STM32CubeIDE_1.19.0/STM32CubeIDE/plugins/com.st.stm32cube.ide.mcu.externaltools.gnu-tools-for-stm32.13.3.rel1.win32_1.0.100.202509120712/tools/bin/../lib/gcc/arm-none-eabi/13.3.1/../../../../arm-none-eabi/lib/thumb/v7e-m+fp/hard\libc_nano.a(libc_a-findfp.o) (_fwalk_sglue)
C:/ST/STM32CubeIDE_1.19.0/STM32CubeIDE/plugins/com.st.stm32cube.ide.mcu.externaltools.gnu-tools-for-stm32.13.3.rel1.win32_1.0.100.202509120712/tools/bin/../lib/gcc/arm-none-eabi/13.3.1/../../../../arm-none-eabi/lib/thumb/v7e-m+fp/hard\libc_nano.a(libc_a-sprintf.o)
                              C:/ST/STM32CubeIDE_1.19.0/STM32CubeIDE/plugins/com.st.stm32cube.ide.mcu.externaltools.gnu-tools-for-stm32.13.3.rel1.win32_1.0.100.202509120712/tools/bin/../lib/gcc/arm-none-eabi/13.3.1/../../../../arm-none-eabi/lib/thumb/v7e-m+fp/hard\libc_nano.a(libc_a-nano-vfscanf_float.o) (sprintf)
[...]
Memory Configuration

Name             Origin             Length             Attributes
RAM              0x20000000         0x00010000         xrw
RAM2             0x10000000         0x00004000         xrw
FLASH            0x08000000         0x00040000         xr
*default*        0x00000000         0xffffffff

Linker script and memory map

LOAD C:/ST/STM32CubeIDE_1.19.0/STM32CubeIDE/plugins/com.st.stm32cube.ide.mcu.externaltools.gnu-tools-for-stm32.13.3.rel1.win32_1.0.100.202509120712/tools/bin/../lib/gcc/arm-none-eabi/13.3.1/thumb/v7e-m+fp/hard/crti.o
LOAD C:/ST/STM32CubeIDE_1.19.0/STM32CubeIDE/plugins/com.st.stm32cube.ide.mcu.externaltools.gnu-tools-for-stm32.13.3.rel1.win32_1.0.100.202509120712/tools/bin/../lib/gcc/arm-none-eabi/13.3.1/thumb/v7e-m+fp/hard/crtbegin.o
LOAD C:/ST/STM32CubeIDE_1.19.0/STM32CubeIDE/plugins/com.st.stm32cube.ide.mcu.externaltools.gnu-tools-for-stm32.13.3.rel1.win32_1.0.100.202509120712/tools/bin/../lib/gcc/arm-none-eabi/13.3.1/../../../../arm-none-eabi/lib/thumb/v7e-m+fp/hard/crt0.o
LOAD ./Core/Src/adc.o
LOAD ./Core/Src/aes.o
LOAD ./Core/Src/cayenne_lpp.o
LOAD ./Core/Src/debug.o
LOAD ./Core/Src/gpio.o
LOAD ./Core/Src/hal.o
LOAD ./Core/Src/i2c.o
LOAD ./Core/Src/lmic.o
LOAD ./Core/Src/main.o
LOAD ./Core/Src/oslmic.o
LOAD ./Core/Src/radio.o
LOAD ./Core/Src/spi.o
LOAD ./Core/Src/stm32l4xx_hal_msp.o
LOAD ./Core/Src/stm32l4xx_it.o
LOAD ./Core/Src/syscalls.o
LOAD ./Core/Src/sysmem.o
LOAD ./Core/Src/system_stm32l4xx.o
LOAD ./Core/Src/tim.o
LOAD ./Core/Src/usart.o
LOAD ./Core/Src/bme680/bme68x.o
LOAD ./Core/Src/bme680/bme68x_necessary_functions.o
LOAD ./Core/Startup/startup_stm32l432kcux.o
LOAD ./Drivers/STM32L4xx_HAL_Driver/Src/stm32l4xx_hal.o
LOAD ./Drivers/STM32L4xx_HAL_Driver/Src/stm32l4xx_hal_adc.o
LOAD ./Drivers/STM32L4xx_HAL_Driver/Src/stm32l4xx_hal_adc_ex.o
LOAD ./Drivers/STM32L4xx_HAL_Driver/Src/stm32l4xx_hal_cortex.o
LOAD ./Drivers/STM32L4xx_HAL_Driver/Src/stm32l4xx_hal_dma.o
LOAD ./Drivers/STM32L4xx_HAL_Driver/Src/stm32l4xx_hal_dma_ex.o
LOAD ./Drivers/STM32L4xx_HAL_Driver/Src/stm32l4xx_hal_exti.o
LOAD ./Drivers/STM32L4xx_HAL_Driver/Src/stm32l4xx_hal_flash.o
LOAD ./Drivers/STM32L4xx_HAL_Driver/Src/stm32l4xx_hal_flash_ex.o
LOAD ./Drivers/STM32L4xx_HAL_Driver/Src/stm32l4xx_hal_flash_ramfunc.o
LOAD ./Drivers/STM32L4xx_HAL_Driver/Src/stm32l4xx_hal_gpio.o
LOAD ./Drivers/STM32L4xx_HAL_Driver/Src/stm32l4xx_hal_i2c.o
LOAD ./Drivers/STM32L4xx_HAL_Driver/Src/stm32l4xx_hal_i2c_ex.o
LOAD ./Drivers/STM32L4xx_HAL_Driver/Src/stm32l4xx_hal_pwr.o
LOAD ./Drivers/STM32L4xx_HAL_Driver/Src/stm32l4xx_hal_pwr_ex.o
LOAD ./Drivers/STM32L4xx_HAL_Driver/Src/stm32l4xx_hal_rcc.o
LOAD ./Drivers/STM32L4xx_HAL_Driver/Src/stm32l4xx_hal_rcc_ex.o
LOAD ./Drivers/STM32L4xx_HAL_Driver/Src/stm32l4xx_hal_spi.o
LOAD ./Drivers/STM32L4xx_HAL_Driver/Src/stm32l4xx_hal_spi_ex.o
LOAD ./Drivers/STM32L4xx_HAL_Driver/Src/stm32l4xx_hal_tim.o
LOAD ./Drivers/STM32L4xx_HAL_Driver/Src/stm32l4xx_hal_tim_ex.o
LOAD ./Drivers/STM32L4xx_HAL_Driver/Src/stm32l4xx_hal_uart.o
LOAD ./Drivers/STM32L4xx_HAL_Driver/Src/stm32l4xx_hal_uart_ex.o
START GROUP
LOAD C:/ST/STM32CubeIDE_1.19.0/STM32CubeIDE/plugins/com.st.stm32cube.ide.mcu.externaltools.gnu-tools-for-stm32.13.3.rel1.win32_1.0.100.202509120712/tools/bin/../lib/gcc/arm-none-eabi/13.3.1/../../../../arm-none-eabi/lib/thumb/v7e-m+fp/hard\libc_nano.a
LOAD C:/ST/STM32CubeIDE_1.19.0/STM32CubeIDE/plugins/com.st.stm32cube.ide.mcu.externaltools.gnu-tools-for-stm32.13.3.rel1.win32_1.0.100.202509120712/tools/bin/../lib/gcc/arm-none-eabi/13.3.1/../../../../arm-none-eabi/lib/thumb/v7e-m+fp/hard\libm.a
END GROUP
START GROUP
LOAD C:/ST/STM32CubeIDE_1.19.0/STM32CubeIDE/plugins/com.st.stm32cube.ide.mcu.externaltools.gnu-tools-for-stm32.13.3.rel1.win32_1.0.100.202509120712/tools/bin/../lib/gcc/arm-none-eabi/13.3.1/thumb/v7e-m+fp/hard\libgcc.a
LOAD C:/ST/STM32CubeIDE_1.19.0/STM32CubeIDE/plugins/com.st.stm32cube.ide.mcu.externaltools.gnu-tools-for-stm32.13.3.rel1.win32_1.0.100.202509120712/tools/bin/../lib/gcc/arm-none-eabi/13.3.1/../../../../arm-none-eabi/lib/thumb/v7e-m+fp/hard\libc_nano.a
END GROUP
START GROUP
LOAD C:/ST/STM32CubeIDE_1.19.0/STM32CubeIDE/plugins/com.st.stm32cube.ide.mcu.externaltools.gnu-tools-for-stm32.13.3.rel1.win32_1.0.100.202509120712/tools/bin/../lib/gcc/arm-none-eabi/13.3.1/thumb/v7e-m+fp/hard\libgcc.a
LOAD C:/ST/STM32CubeIDE_1.19.0/STM32CubeIDE/plugins/com.st.stm32cube.ide.mcu.externaltools.gnu-tools-for-stm32.13.3.rel1.win32_1.0.100.202509120712/tools/bin/../lib/gcc/arm-none-eabi/13.3.1/../../../../arm-none-eabi/lib/thumb/v7e-m+fp/hard\libc_nano.a
LOAD C:/ST/STM32CubeIDE_1.19.0/STM32CubeIDE/plugins/com.st.stm32cube.ide.mcu.externaltools.gnu-tools-for-stm32.13.3.rel1.win32_1.0.100.202509120712/tools/bin/../lib/gcc/arm-none-eabi/13.3.1/../../../../arm-none-eabi/lib/thumb/v7e-m+fp/hard\libnosys.a
END GROUP
START GROUP
LOAD C:/ST/STM32CubeIDE_1.19.0/STM32CubeIDE/plugins/com.st.stm32cube.ide.mcu.externaltools.gnu-tools-for-stm32.13.3.rel1.win32_1.0.100.202509120712/tools/bin/../lib/gcc/arm-none-eabi/13.3.1/thumb/v7e-m+fp/hard\libgcc.a
LOAD C:/ST/STM32CubeIDE_1.19.0/STM32CubeIDE/plugins/com.st.stm32cube.ide.mcu.externaltools.gnu-tools-for-stm32.13.3.rel1.win32_1.0.100.202509120712/tools/bin/../lib/gcc/arm-none-eabi/13.3.1/../../../../arm-none-eabi/lib/thumb/v7e-m+fp/hard\libc_nano.a
LOAD C:/ST/STM32CubeIDE_1.19.0/STM32CubeIDE/plugins/com.st.stm32cube.ide.mcu.externaltools.gnu-tools-for-stm32.13.3.rel1.win32_1.0.100.202509120712/tools/bin/../lib/gcc/arm-none-eabi/13.3.1/../../../../arm-none-eabi/lib/thumb/v7e-m+fp/hard\libnosys.a
END GROUP
LOAD C:/ST/STM32CubeIDE_1.19.0/STM32CubeIDE/plugins/com.st.stm32cube.ide.mcu.externaltools.gnu-tools-for-stm32.13.3.rel1.win32_1.0.100.202509120712/tools/bin/../lib/gcc/arm-none-eabi/13.3.1/thumb/v7e-m+fp/hard/crtend.o
LOAD C:/ST/STM32CubeIDE_1.19.0/STM32CubeIDE/plugins/com.st.stm32cube.ide.mcu.externaltools.gnu-tools-for-stm32.13.3.rel1.win32_1.0.100.202509120712/tools/bin/../lib/gcc/arm-none-eabi/13.3.1/thumb/v7e-m+fp/hard/crtn.o
                0x20010000                        _estack = (ORIGIN (RAM) + LENGTH (RAM))
                0x00000200                        _Min_Heap_Size = 0x200
                0x00000400                        _Min_Stack_Size = 0x400

.isr_vector     0x08000000      0x18c
                0x08000000                        . = ALIGN (0x4)
 *(.isr_vector)
 .isr_vector    0x08000000      0x18c ./Core/Startup/startup_stm32l432kcux.o
                0x08000000                g_pfnVectors
                0x0800018c                        . = ALIGN (0x4)

.text           0x08000190    0x133ac
                0x08000190                        . = ALIGN (0x4)
 *(.text)
 .text          0x08000190       0x40 C:/ST/STM32CubeIDE_1.19.0/STM32CubeIDE/plugins/com.st.stm32cube.ide.mcu.externaltools.gnu-tools-for-stm32.13.3.rel1.win32_1.0.100.202509120712/tools/bin/../lib/gcc/arm-none-eabi/13.3.1/thumb/v7e-m+fp/hard/crtbegin.o
 .text          0x080001d0       0xa0 C:/ST/STM32CubeIDE_1.19.0/STM32CubeIDE/plugins/com.st.stm32cube.ide.mcu.externaltools.gnu-tools-for-stm32.13.3.rel1.win32_1.0.100.202509120712/tools/bin/../lib/gcc/arm-none-eabi/13.3.1/../../../../arm-none-eabi/lib/thumb/v7e-m+fp/hard\libc_nano.a(libc_a-memchr.o)
                0x080001d0                memchr
 .text          0x08000270       0x10 C:/ST/STM32CubeIDE_1.19.0/STM32CubeIDE/plugins/com.st.stm32cube.ide.mcu.externaltools.gnu-tools-for-stm32.13.3.rel1.win32_1.0.100.202509120712/tools/bin/../lib/gcc/arm-none-eabi/13.3.1/../../../../arm-none-eabi/lib/thumb/v7e-m+fp/hard\libc_nano.a(libc_a-strlen.o)
                0x08000270                strlen
 .text          0x08000280      0x378 C:/ST/STM32CubeIDE_1.19.0/STM32CubeIDE/plugins/com.st.stm32cube.ide.mcu.externaltools.gnu-tools-for-stm32.13.3.rel1.win32_1.0.100.202509120712/tools/bin/../lib/gcc/arm-none-eabi/13.3.1/thumb/v7e-m+fp/hard\libgcc.a(_arm_addsubdf3.o)
                0x08000280                __aeabi_drsub
                0x08000288                __aeabi_dsub
                0x08000288                __subdf3
                0x0800028c                __aeabi_dadd
                0x0800028c                __adddf3
                0x08000504                __floatunsidf
                0x08000504                __aeabi_ui2d
                0x08000524                __floatsidf
                0x08000524                __aeabi_i2d
                0x08000548                __aeabi_f2d
                0x08000548                __extendsfdf2
                0x0800058c                __floatundidf
                0x0800058c                __aeabi_ul2d
                0x0800059c                __floatdidf
                0x0800059c                __aeabi_l2d
 .text          0x080005f8      0x424 C:/ST/STM32CubeIDE_1.19.0/STM32CubeIDE/plugins/com.st.stm32cube.ide.mcu.externaltools.gnu-tools-for-stm32.13.3.rel1.win32_1.0.100.202509120712/tools/bin/../lib/gcc/arm-none-eabi/13.3.1/thumb/v7e-m+fp/hard\libgcc.a(_arm_muldivdf3.o)
                0x080005f8                __aeabi_dmul
                0x080005f8                __muldf3
                0x0800084c                __divdf3
                0x0800084c                __aeabi_ddiv
 .text          0x08000a1c      0x110 C:/ST/STM32CubeIDE_1.19.0/STM32CubeIDE/plugins/com.st.stm32cube.ide.mcu.externaltools.gnu-tools-for-stm32.13.3.rel1.win32_1.0.100.202509120712/tools/bin/../lib/gcc/arm-none-eabi/13.3.1/thumb/v7e-m+fp/hard\libgcc.a(_arm_cmpdf2.o)
                0x08000a1c                __gtdf2
                0x08000a1c                __gedf2
                0x08000a24                __ltdf2
                0x08000a24                __ledf2
                0x08000a2c                __nedf2
                0x08000a2c                __eqdf2
                0x08000a2c                __cmpdf2
                0x08000aa8                __aeabi_cdrcmple
                0x08000ab8                __aeabi_cdcmpeq
                0x08000ab8                __aeabi_cdcmple
                0x08000ac8                __aeabi_dcmpeq
                0x08000adc                __aeabi_dcmplt
                0x08000af0                __aeabi_dcmple
                0x08000b04                __aeabi_dcmpge
                0x08000b18                __aeabi_dcmpgt
 .text          0x08000b2c       0x2c C:/ST/STM32CubeIDE_1.19.0/STM32CubeIDE/plugins/com.st.stm32cube.ide.mcu.externaltools.gnu-tools-for-stm32.13.3.rel1.win32_1.0.100.202509120712/tools/bin/../lib/gcc/arm-none-eabi/13.3.1/thumb/v7e-m+fp/hard\libgcc.a(_arm_unorddf2.o)
                0x08000b2c                __unorddf2
                0x08000b2c                __aeabi_dcmpun
 .text          0x08000b58       0x50 C:/ST/STM32CubeIDE_1.19.0/STM32CubeIDE/plugins/com.st.stm32cube.ide.mcu.externaltools.gnu-tools-for-stm32.13.3.rel1.win32_1.0.100.202509120712/tools/bin/../lib/gcc/arm-none-eabi/13.3.1/thumb/v7e-m+fp/hard\libgcc.a(_arm_fixdfsi.o)
                0x08000b58                __aeabi_d2iz
                0x08000b58                __fixdfsi
 .text          0x08000ba8       0x40 C:/ST/STM32CubeIDE_1.19.0/STM32CubeIDE/plugins/com.st.stm32cube.ide.mcu.externaltools.gnu-tools-for-stm32.13.3.rel1.win32_1.0.100.202509120712/tools/bin/../lib/gcc/arm-none-eabi/13.3.1/thumb/v7e-m+fp/hard\libgcc.a(_arm_fixunsdfsi.o)
                0x08000ba8                __aeabi_d2uiz
                0x08000ba8                __fixunsdfsi
 .text          0x08000be8       0xa0 C:/ST/STM32CubeIDE_1.19.0/STM32CubeIDE/plugins/com.st.stm32cube.ide.mcu.externaltools.gnu-tools-for-stm32.13.3.rel1.win32_1.0.100.202509120712/tools/bin/../lib/gcc/arm-none-eabi/13.3.1/thumb/v7e-m+fp/hard\libgcc.a(_arm_truncdfsf2.o)
                0x08000be8                __truncdfsf2
                0x08000be8                __aeabi_d2f
 .text          0x08000c88       0xa0 C:/ST/STM32CubeIDE_1.19.0/STM32CubeIDE/plugins/com.st.stm32cube.ide.mcu.externaltools.gnu-tools-for-stm32.13.3.rel1.win32_1.0.100.202509120712/tools/bin/../lib/gcc/arm-none-eabi/13.3.1/thumb/v7e-m+fp/hard\libgcc.a(_aeabi_ldivmod.o)
                0x08000c88                __aeabi_ldivmod
 .text          0x08000d28       0x30 C:/ST/STM32CubeIDE_1.19.0/STM32CubeIDE/plugins/com.st.stm32cube.ide.mcu.externaltools.gnu-tools-for-stm32.13.3.rel1.win32_1.0.100.202509120712/tools/bin/../lib/gcc/arm-none-eabi/13.3.1/thumb/v7e-m+fp/hard\libgcc.a(_aeabi_uldivmod.o)
                0x08000d28                __aeabi_uldivmod
 .text          0x08000d58       0x30 C:/ST/STM32CubeIDE_1.19.0/STM32CubeIDE/plugins/com.st.stm32cube.ide.mcu.externaltools.gnu-tools-for-stm32.13.3.rel1.win32_1.0.100.202509120712/tools/bin/../lib/gcc/arm-none-eabi/13.3.1/thumb/v7e-m+fp/hard\libgcc.a(_fixdfdi.o)
                0x08000d58                __fixdfdi
                0x08000d58                __aeabi_d2lz
 .text          0x08000d88       0x3c C:/ST/STM32CubeIDE_1.19.0/STM32CubeIDE/plugins/com.st.stm32cube.ide.mcu.externaltools.gnu-tools-for-stm32.13.3.rel1.win32_1.0.100.202509120712/tools/bin/../lib/gcc/arm-none-eabi/13.3.1/thumb/v7e-m+fp/hard\libgcc.a(_fixunsdfdi.o)
                0x08000d88                __fixunsdfdi
                0x08000d88                __aeabi_d2ulz
 .text          0x08000dc4      0x2f8 C:/ST/STM32CubeIDE_1.19.0/STM32CubeIDE/plugins/com.st.stm32cube.ide.mcu.externaltools.gnu-tools-for-stm32.13.3.rel1.win32_1.0.100.202509120712/tools/bin/../lib/gcc/arm-none-eabi/13.3.1/thumb/v7e-m+fp/hard\libgcc.a(_udivmoddi4.o)
                0x08000dc4                __udivmoddi4
 .text          0x080010bc        0x4 C:/ST/STM32CubeIDE_1.19.0/STM32CubeIDE/plugins/com.st.stm32cube.ide.mcu.externaltools.gnu-tools-for-stm32.13.3.rel1.win32_1.0.100.202509120712/tools/bin/../lib/gcc/arm-none-eabi/13.3.1/thumb/v7e-m+fp/hard\libgcc.a(_dvmd_tls.o)
                0x080010bc                __aeabi_idiv0
                0x080010bc                __aeabi_ldiv0
 *(.text*)
 .text.MX_ADC1_Init
                0x080010c0       0xc8 ./Core/Src/adc.o
                0x080010c0                MX_ADC1_Init
 .text.HAL_ADC_MspInit
                0x08001188       0xac ./Core/Src/adc.o
                0x08001188                HAL_ADC_MspInit
 .text.aesroundkeys
                0x08001234       0xf8 ./Core/Src/aes.o
 .text.os_aes   0x0800132c      0x988 ./Core/Src/aes.o
                0x0800132c                os_aes
 .text.cayenne_lpp_reset
                0x08001cb4       0x24 ./Core/Src/cayenne_lpp.o
                0x08001cb4                cayenne_lpp_reset
 .text.cayenne_lpp_add_analog_output
                0x08001cd8       0xc0 ./Core/Src/cayenne_lpp.o
                0x08001cd8                cayenne_lpp_add_analog_output
 .text.cayenne_lpp_add_temperature
                0x08001d98       0xbc ./Core/Src/cayenne_lpp.o
                0x08001d98                cayenne_lpp_add_temperature
 .text.cayenne_lpp_add_relative_humidity
                0x08001e54       0x98 ./Core/Src/cayenne_lpp.o
                0x08001e54                cayenne_lpp_add_relative_humidity
 .text.cayenne_lpp_add_barometric_pressure
                0x08001eec       0xbc ./Core/Src/cayenne_lpp.o
                0x08001eec                cayenne_lpp_add_barometric_pressure
 .text.debug_init
                0x08001fa8       0x14 ./Core/Src/debug.o
                0x08001fa8                debug_init
 .text.debug_char
                0x08001fbc       0x30 ./Core/Src/debug.o
                0x08001fbc                debug_char
 .text.debug_str
                0x08001fec       0x2a ./Core/Src/debug.o
                0x08001fec                debug_str
 .text.debug_float2str
                0x08002016       0x46 ./Core/Src/debug.o
                0x08002016                debug_float2str
 .text.debug_valfloat
                0x0800205c       0x32 ./Core/Src/debug.o
                0x0800205c                debug_valfloat
 *fill*         0x0800208e        0x2 
 .text.debug_event
                0x08002090       0x3c ./Core/Src/debug.o
                0x08002090                debug_event
 .text.MX_GPIO_Init
                0x080020cc       0xec ./Core/Src/gpio.o
                0x080020cc                MX_GPIO_Init
 .text.hal_io_init
                0x080021b8        0xe ./Core/Src/hal.o
 .text.hal_pin_rxtx
                0x080021c6       0x16 ./Core/Src/hal.o
                0x080021c6                hal_pin_rxtx
 .text.hal_pin_nss
                0x080021dc       0x22 ./Core/Src/hal.o
                0x080021dc                hal_pin_nss
 .text.hal_pin_rst
                0x080021fe       0x6a ./Core/Src/hal.o
                0x080021fe                hal_pin_rst
 .text.HAL_GPIO_EXTI_Callback
                0x08002268       0x2a ./Core/Src/hal.o
                0x08002268                HAL_GPIO_EXTI_Callback
 .text.hal_spi_init
                0x08002292        0xe ./Core/Src/hal.o
                0x08002292                hal_spi_init
 .text.hal_spi  0x080022a0       0x3c ./Core/Src/hal.o
                0x080022a0                hal_spi
 .text.hal_time_init
                0x080022dc        0xe ./Core/Src/hal.o
 *fill*         0x080022ea        0x2 
 .text.hal_ticks
                0x080022ec       0x60 ./Core/Src/hal.o
                0x080022ec                hal_ticks
 .text.deltaticks
                0x0800234c       0x3a ./Core/Src/hal.o
 .text.hal_waitUntil
                0x08002386       0x20 ./Core/Src/hal.o
                0x08002386                hal_waitUntil
 *fill*         0x080023a6        0x2 
 .text.hal_checkTimer
                0x080023a8       0x7c ./Core/Src/hal.o
                0x080023a8                hal_checkTimer
 .text.HAL_TIM_PeriodElapsedCallback
                0x08002424       0x34 ./Core/Src/hal.o
                0x08002424                HAL_TIM_PeriodElapsedCallback
 .text.hal_disableIRQs
                0x08002458       0x20 ./Core/Src/hal.o
                0x08002458                hal_disableIRQs
 .text.hal_enableIRQs
                0x08002478       0x28 ./Core/Src/hal.o
                0x08002478                hal_enableIRQs
 .text.hal_sleep
                0x080024a0       0x10 ./Core/Src/hal.o
                0x080024a0                hal_sleep
 .text.hal_init
                0x080024b0       0x2c ./Core/Src/hal.o
                0x080024b0                hal_init
 .text.hal_failed
                0x080024dc       0x10 ./Core/Src/hal.o
                0x080024dc                hal_failed
 .text.MX_I2C1_Init
                0x080024ec       0x80 ./Core/Src/i2c.o
                0x080024ec                MX_I2C1_Init
 .text.HAL_I2C_MspInit
                0x0800256c       0xb0 ./Core/Src/i2c.o
                0x0800256c                HAL_I2C_MspInit
 .text.getSf    0x0800261c       0x20 ./Core/Src/lmic.o
                0x0800261c                getSf
 .text.getBw    0x0800263c       0x24 ./Core/Src/lmic.o
                0x0800263c                getBw
 .text.getCr    0x08002660       0x24 ./Core/Src/lmic.o
                0x08002660                getCr
 .text.setCr    0x08002684       0x34 ./Core/Src/lmic.o
                0x08002684                setCr
 .text.getNocrc
                0x080026b8       0x20 ./Core/Src/lmic.o
                0x080026b8                getNocrc
 .text.setNocrc
                0x080026d8       0x30 ./Core/Src/lmic.o
                0x080026d8                setNocrc
 .text.getIh    0x08002708       0x1e ./Core/Src/lmic.o
                0x08002708                getIh
 .text.setIh    0x08002726       0x2e ./Core/Src/lmic.o
                0x08002726                setIh
 .text.updr2rps
                0x08002754       0x24 ./Core/Src/lmic.o
                0x08002754                updr2rps
 .text.dndr2rps
                0x08002778       0x26 ./Core/Src/lmic.o
                0x08002778                dndr2rps
 *fill*         0x0800279e        0x2 
 .text.decDR    0x080027a0       0x30 ./Core/Src/lmic.o
                0x080027a0                decDR
 .text.validDR  0x080027d0       0x2c ./Core/Src/lmic.o
                0x080027d0                validDR
 .text.lowerDR  0x080027fc       0x32 ./Core/Src/lmic.o
                0x080027fc                lowerDR
 .text.os_rlsbf2
                0x0800282e       0x2c ./Core/Src/lmic.o
                0x0800282e                os_rlsbf2
 .text.os_rlsbf4
                0x0800285a       0x3a ./Core/Src/lmic.o
                0x0800285a                os_rlsbf4
 .text.os_rmsbf4
                0x08002894       0x3a ./Core/Src/lmic.o
                0x08002894                os_rmsbf4
 .text.os_wlsbf2
                0x080028ce       0x2e ./Core/Src/lmic.o
                0x080028ce                os_wlsbf2
 .text.os_wlsbf4
                0x080028fc       0x42 ./Core/Src/lmic.o
                0x080028fc                os_wlsbf4
 .text.os_wmsbf4
                0x0800293e       0x42 ./Core/Src/lmic.o
                0x0800293e                os_wmsbf4
 .text.os_getBattLevel
                0x08002980       0x10 ./Core/Src/lmic.o
                0x08002980                os_getBattLevel
 .text.os_crc16
                0x08002990       0x82 ./Core/Src/lmic.o
                0x08002990                os_crc16
 *fill*         0x08002a12        0x2 
 .text.micB0    0x08002a14       0x68 ./Core/Src/lmic.o
 .text.aes_verifyMic
                0x08002a7c       0x58 ./Core/Src/lmic.o
 .text.aes_appendMic
                0x08002ad4       0x50 ./Core/Src/lmic.o
 .text.aes_appendMic0
                0x08002b24       0x3c ./Core/Src/lmic.o
 .text.aes_verifyMic0
                0x08002b60       0x44 ./Core/Src/lmic.o
 .text.aes_encrypt
                0x08002ba4       0x2c ./Core/Src/lmic.o
 .text.aes_cipher
                0x08002bd0       0x88 ./Core/Src/lmic.o
 .text.aes_sessKeys
                0x08002c58       0x78 ./Core/Src/lmic.o
 .text.getSensitivity
                0x08002cd0       0x40 ./Core/Src/lmic.o
                0x08002cd0                getSensitivity
 .text.calcAirTime
                0x08002d10      0x130 ./Core/Src/lmic.o
                0x08002d10                calcAirTime
 .text.calcRxWindow
                0x08002e40       0xa8 ./Core/Src/lmic.o
 .text.calcBcnRxWindowFromMillis
                0x08002ee8      0x10c ./Core/Src/lmic.o
 .text.rxschedInit
                0x08002ff4       0xdc ./Core/Src/lmic.o
 .text.rxschedNext
                0x080030d0       0x9c ./Core/Src/lmic.o
 .text.rndDelay
                0x0800316c       0x80 ./Core/Src/lmic.o
 .text.txDelay  0x080031ec       0x5c ./Core/Src/lmic.o
 .text.setDrJoin
                0x08003248       0x28 ./Core/Src/lmic.o
 .text.setDrTxpow
                0x08003270       0x5c ./Core/Src/lmic.o
 .text.initDefaultChannels
                0x080032cc      0x10c ./Core/Src/lmic.o
 .text.LMIC_setupChannel
                0x080033d8       0xf4 ./Core/Src/lmic.o
                0x080033d8                LMIC_setupChannel
 .text.convFreq
                0x080034cc       0x44 ./Core/Src/lmic.o
 .text.mapChannels
                0x08003510       0x94 ./Core/Src/lmic.o
 .text.updateTx
                0x080035a4       0x94 ./Core/Src/lmic.o
 .text.nextTx   0x08003638      0x138 ./Core/Src/lmic.o
 .text.setBcnRxParams
                0x08003770       0x4c ./Core/Src/lmic.o
 .text.initJoinLoop
                0x080037bc       0x6c ./Core/Src/lmic.o
 .text.nextJoinState
                0x08003828       0xd0 ./Core/Src/lmic.o
 .text.runEngineUpdate
                0x080038f8       0x14 ./Core/Src/lmic.o
 .text.reportEvent
                0x0800390c       0x1e ./Core/Src/lmic.o
 .text.runReset
                0x0800392a       0x1e ./Core/Src/lmic.o
 .text.stateJustJoined
                0x08003948       0xcc ./Core/Src/lmic.o
 .text.decodeBeacon
                0x08003a14      0x128 ./Core/Src/lmic.o
 .text.decodeFrame
                0x08003b3c      0x66c ./Core/Src/lmic.o
 .text.setupRx2
                0x080041a8       0x40 ./Core/Src/lmic.o
 .text.schedRx2
                0x080041e8       0x50 ./Core/Src/lmic.o
 .text.setupRx1
                0x08004238       0x44 ./Core/Src/lmic.o
 .text.txDone   0x0800427c       0xa4 ./Core/Src/lmic.o
 .text.onJoinFailed
                0x08004320       0x16 ./Core/Src/lmic.o
 *fill*         0x08004336        0x2 
 .text.processJoinAccept
                0x08004338      0x294 ./Core/Src/lmic.o
 .text.processRx2Jacc
                0x080045cc       0x2c ./Core/Src/lmic.o
 .text.setupRx2Jacc
                0x080045f8       0x24 ./Core/Src/lmic.o
 .text.processRx1Jacc
                0x0800461c       0x38 ./Core/Src/lmic.o
 .text.setupRx1Jacc
                0x08004654       0x1c ./Core/Src/lmic.o
 .text.jreqDone
                0x08004670       0x20 ./Core/Src/lmic.o
 .text.processRx2DnDataDelay
                0x08004690       0x14 ./Core/Src/lmic.o
 .text.processRx2DnData
                0x080046a4       0x54 ./Core/Src/lmic.o
 .text.setupRx2DnData
                0x080046f8       0x24 ./Core/Src/lmic.o
 .text.processRx1DnData
                0x0800471c       0x48 ./Core/Src/lmic.o
 .text.setupRx1DnData
                0x08004764       0x1c ./Core/Src/lmic.o
 .text.updataDone
                0x08004780       0x30 ./Core/Src/lmic.o
 .text.buildDataFrame
                0x080047b0      0x3d0 ./Core/Src/lmic.o
 .text.onBcnRx  0x08004b80       0xa8 ./Core/Src/lmic.o
 .text.startScan
                0x08004c28       0xb0 ./Core/Src/lmic.o
 .text.buildJoinRequest
                0x08004cd8       0x6c ./Core/Src/lmic.o
 .text.startJoining
                0x08004d44       0x16 ./Core/Src/lmic.o
 *fill*         0x08004d5a        0x2 
 .text.LMIC_startJoining
                0x08004d5c       0x94 ./Core/Src/lmic.o
                0x08004d5c                LMIC_startJoining
 .text.processPingRx
                0x08004df0       0x3c ./Core/Src/lmic.o
 .text.processDnData
                0x08004e2c      0x1e8 ./Core/Src/lmic.o
 .text.processBeacon
                0x08005014      0x218 ./Core/Src/lmic.o
 .text.startRxBcn
                0x0800522c       0x24 ./Core/Src/lmic.o
 .text.startRxPing
                0x08005250       0x24 ./Core/Src/lmic.o
 .text.engineUpdate
                0x08005274      0x394 ./Core/Src/lmic.o
 .text.LMIC_reset
                0x08005608       0x9c ./Core/Src/lmic.o
                0x08005608                LMIC_reset
 .text.LMIC_init
                0x080056a4       0x1c ./Core/Src/lmic.o
                0x080056a4                LMIC_init
 .text.LMIC_setTxData
                0x080056c0       0x38 ./Core/Src/lmic.o
                0x080056c0                LMIC_setTxData
 .text.LMIC_setTxData2
                0x080056f8       0x64 ./Core/Src/lmic.o
                0x080056f8                LMIC_setTxData2
 .text.os_getArtEui
                0x0800575c       0x28 ./Core/Src/main.o
                0x0800575c                os_getArtEui
 .text.os_getDevEui
                0x08005784       0x28 ./Core/Src/main.o
                0x08005784                os_getDevEui
 .text.os_getDevKey
                0x080057ac       0x28 ./Core/Src/main.o
                0x080057ac                os_getDevKey
 .text.initsensor
                0x080057d4        0xe ./Core/Src/main.o
                0x080057d4                initsensor
 .text.initfunc
                0x080057e2       0x1c ./Core/Src/main.o
                0x080057e2                initfunc
 .text.get_ADC_value
                0x080057fe       0x4a ./Core/Src/main.o
                0x080057fe                get_ADC_value
 .text.GET_temperature
                0x08005848       0xa8 ./Core/Src/main.o
                0x08005848                GET_temperature
 .text.readsensor_hum
                0x080058f0       0x50 ./Core/Src/main.o
                0x080058f0                readsensor_hum
 .text.readsensor_temp
                0x08005940       0x50 ./Core/Src/main.o
                0x08005940                readsensor_temp
 .text.readsensor_pres
                0x08005990       0x60 ./Core/Src/main.o
                0x08005990                readsensor_pres
 .text.readsensor_iaq_score
                0x080059f0       0x40 ./Core/Src/main.o
                0x080059f0                readsensor_iaq_score
 .text.reportfunc
                0x08005a30      0x1dc ./Core/Src/main.o
 .text.onEvent  0x08005c0c      0x174 ./Core/Src/main.o
                0x08005c0c                onEvent
 .text.main     0x08005d80       0x68 ./Core/Src/main.o
                0x08005d80                main
 .text.SystemClock_Config
                0x08005de8       0xa2 ./Core/Src/main.o
                0x08005de8                SystemClock_Config
 .text.Error_Handler
                0x08005e8a        0xc ./Core/Src/main.o
                0x08005e8a                Error_Handler
 *fill*         0x08005e96        0x2 
 .text.os_init  0x08005e98       0x24 ./Core/Src/oslmic.o
                0x08005e98                os_init
 .text.os_getTime
                0x08005ebc        0xe ./Core/Src/oslmic.o
                0x08005ebc                os_getTime
 .text.unlinkjob
                0x08005eca       0x3e ./Core/Src/oslmic.o
 .text.os_clearCallback
                0x08005f08       0x3c ./Core/Src/oslmic.o
                0x08005f08                os_clearCallback
 .text.os_setCallback
                0x08005f44       0x4c ./Core/Src/oslmic.o
                0x08005f44                os_setCallback
 .text.os_setTimedCallback
                0x08005f90       0x6c ./Core/Src/oslmic.o
                0x08005f90                os_setTimedCallback
 .text.os_runloop
                0x08005ffc       0x6c ./Core/Src/oslmic.o
                0x08005ffc                os_runloop
 .text.writeReg
                0x08006068       0x3a ./Core/Src/radio.o
 .text.readReg  0x080060a2       0x38 ./Core/Src/radio.o
 .text.writeBuf
                0x080060da       0x54 ./Core/Src/radio.o
 .text.readBuf  0x0800612e       0x56 ./Core/Src/radio.o
 .text.opmode   0x08006184       0x34 ./Core/Src/radio.o
 .text.opmodeLora
                0x080061b8       0x24 ./Core/Src/radio.o
 .text.opmodeFSK
                0x080061dc       0x24 ./Core/Src/radio.o
 .text.configLoraModem
                0x08006200      0x15c ./Core/Src/radio.o
 .text.configChannel
                0x0800635c       0x7c ./Core/Src/radio.o
 .text.configPower
                0x080063d8       0x60 ./Core/Src/radio.o
 .text.txfsk    0x08006438       0xdc ./Core/Src/radio.o
 .text.txlora   0x08006514       0xb4 ./Core/Src/radio.o
 .text.starttx  0x080065c8       0x3c ./Core/Src/radio.o
 .text.rxlora   0x08006604       0xf8 ./Core/Src/radio.o
 .text.rxfsk    0x080066fc       0xe0 ./Core/Src/radio.o
 .text.startrx  0x080067dc       0x4c ./Core/Src/radio.o
 .text.radio_init
                0x08006828       0xe8 ./Core/Src/radio.o
                0x08006828                radio_init
 .text.radio_rand1
                0x08006910       0x4c ./Core/Src/radio.o
                0x08006910                radio_rand1
 .text.radio_irq_handler
                0x0800695c      0x1ac ./Core/Src/radio.o
                0x0800695c                radio_irq_handler
 .text.os_radio
                0x08006b08       0x58 ./Core/Src/radio.o
                0x08006b08                os_radio
 .text.MX_SPI3_Init
                0x08006b60       0x7c ./Core/Src/spi.o
                0x08006b60                MX_SPI3_Init
 .text.HAL_SPI_MspInit
                0x08006bdc       0x88 ./Core/Src/spi.o
                0x08006bdc                HAL_SPI_MspInit
 .text.HAL_MspInit
                0x08006c64       0x48 ./Core/Src/stm32l4xx_hal_msp.o
                0x08006c64                HAL_MspInit
 .text.NMI_Handler
                0x08006cac        0x8 ./Core/Src/stm32l4xx_it.o
                0x08006cac                NMI_Handler
 .text.HardFault_Handler
                0x08006cb4        0x8 ./Core/Src/stm32l4xx_it.o
                0x08006cb4                HardFault_Handler
 .text.MemManage_Handler
                0x08006cbc        0x8 ./Core/Src/stm32l4xx_it.o
                0x08006cbc                MemManage_Handler
 .text.BusFault_Handler
                0x08006cc4        0x8 ./Core/Src/stm32l4xx_it.o
                0x08006cc4                BusFault_Handler
 .text.UsageFault_Handler
                0x08006ccc        0x8 ./Core/Src/stm32l4xx_it.o
                0x08006ccc                UsageFault_Handler
 .text.SVC_Handler
                0x08006cd4        0xe ./Core/Src/stm32l4xx_it.o
                0x08006cd4                SVC_Handler
 .text.DebugMon_Handler
                0x08006ce2        0xe ./Core/Src/stm32l4xx_it.o
                0x08006ce2                DebugMon_Handler
 .text.PendSV_Handler
                0x08006cf0        0xe ./Core/Src/stm32l4xx_it.o
                0x08006cf0                PendSV_Handler
 .text.SysTick_Handler
                0x08006cfe        0xc ./Core/Src/stm32l4xx_it.o
                0x08006cfe                SysTick_Handler
 .text.EXTI9_5_IRQHandler
                0x08006d0a       0x14 ./Core/Src/stm32l4xx_it.o
                0x08006d0a                EXTI9_5_IRQHandler
 *fill*         0x08006d1e        0x2 
 .text.TIM7_IRQHandler
                0x08006d20       0x14 ./Core/Src/stm32l4xx_it.o
                0x08006d20                TIM7_IRQHandler
 .text._getpid  0x08006d34       0x10 ./Core/Src/syscalls.o
                0x08006d34                _getpid
 .text._kill    0x08006d44       0x20 ./Core/Src/syscalls.o
                0x08006d44                _kill
 .text._exit    0x08006d64       0x16 ./Core/Src/syscalls.o
                0x08006d64                _exit
 .text._read    0x08006d7a       0x3a ./Core/Src/syscalls.o
                0x08006d7a                _read
 .text._write   0x08006db4       0x38 ./Core/Src/syscalls.o
                0x08006db4                _write
 .text._close   0x08006dec       0x18 ./Core/Src/syscalls.o
                0x08006dec                _close
 .text._fstat   0x08006e04       0x20 ./Core/Src/syscalls.o
                0x08006e04                _fstat
 .text._isatty  0x08006e24       0x16 ./Core/Src/syscalls.o
                0x08006e24                _isatty
 .text._lseek   0x08006e3a       0x1a ./Core/Src/syscalls.o
                0x08006e3a                _lseek
 .text._sbrk    0x08006e54       0x6c ./Core/Src/sysmem.o
                0x08006e54                _sbrk
 .text.SystemInit
                0x08006ec0       0x24 ./Core/Src/system_stm32l4xx.o
                0x08006ec0                SystemInit
 .text.MX_TIM7_Init
                0x08006ee4       0x70 ./Core/Src/tim.o
                0x08006ee4                MX_TIM7_Init
 .text.HAL_TIM_Base_MspInit
                0x08006f54       0x4c ./Core/Src/tim.o
                0x08006f54                HAL_TIM_Base_MspInit
 .text.MX_USART2_UART_Init
                0x08006fa0       0x60 ./Core/Src/usart.o
                0x08006fa0                MX_USART2_UART_Init
 .text.HAL_UART_MspInit
                0x08007000       0xb0 ./Core/Src/usart.o
                0x08007000                HAL_UART_MspInit
 .text.bme68x_init
                0x080070b0       0x68 ./Core/Src/bme680/bme68x.o
                0x080070b0                bme68x_init
 .text.bme68x_set_regs
                0x08007118      0x11e ./Core/Src/bme680/bme68x.o
                0x08007118                bme68x_set_regs
 .text.bme68x_get_regs
                0x08007236       0x88 ./Core/Src/bme680/bme68x.o
                0x08007236                bme68x_get_regs
 .text.bme68x_soft_reset
                0x080072be       0x86 ./Core/Src/bme680/bme68x.o
                0x080072be                bme68x_soft_reset
 .text.bme68x_set_conf
                0x08007344      0x214 ./Core/Src/bme680/bme68x.o
                0x08007344                bme68x_set_conf
 .text.bme68x_set_op_mode
                0x08007558       0xc2 ./Core/Src/bme680/bme68x.o
                0x08007558                bme68x_set_op_mode
 .text.bme68x_get_op_mode
                0x0800761a       0x40 ./Core/Src/bme680/bme68x.o
                0x0800761a                bme68x_get_op_mode
 *fill*         0x0800765a        0x2 
 .text.bme68x_get_meas_dur
                0x0800765c       0xe8 ./Core/Src/bme680/bme68x.o
                0x0800765c                bme68x_get_meas_dur
 .text.bme68x_get_data
                0x08007744      0x1fc ./Core/Src/bme680/bme68x.o
                0x08007744                bme68x_get_data
 .text.bme68x_set_heatr_conf
                0x08007940      0x114 ./Core/Src/bme680/bme68x.o
                0x08007940                bme68x_set_heatr_conf
 .text.calc_temperature
                0x08007a54      0x10c ./Core/Src/bme680/bme68x.o
 .text.calc_pressure
                0x08007b60      0x284 ./Core/Src/bme680/bme68x.o
 .text.calc_humidity
                0x08007de4      0x198 ./Core/Src/bme680/bme68x.o
 .text.calc_gas_resistance_low
                0x08007f7c      0x144 ./Core/Src/bme680/bme68x.o
 .text.calc_gas_resistance_high
                0x080080c0       0x74 ./Core/Src/bme680/bme68x.o
 .text.calc_res_heat
                0x08008134      0x160 ./Core/Src/bme680/bme68x.o
 .text.calc_gas_wait
                0x08008294       0x4a ./Core/Src/bme680/bme68x.o
 .text.read_field_data
                0x080082de      0x286 ./Core/Src/bme680/bme68x.o
 .text.read_all_field_data
                0x08008564      0x44a ./Core/Src/bme680/bme68x.o
 .text.set_mem_page
                0x080089ae       0xca ./Core/Src/bme680/bme68x.o
 .text.get_mem_page
                0x08008a78       0x5e ./Core/Src/bme680/bme68x.o
 .text.boundary_check
                0x08008ad6       0x5a ./Core/Src/bme680/bme68x.o
 .text.null_ptr_check
                0x08008b30       0x3e ./Core/Src/bme680/bme68x.o
 .text.set_conf
                0x08008b6e      0x2a6 ./Core/Src/bme680/bme68x.o
 .text.calc_heatr_dur_shared
                0x08008e14       0x6c ./Core/Src/bme680/bme68x.o
 .text.sort_sensor_data
                0x08008e80       0xac ./Core/Src/bme680/bme68x.o
 .text.swap_fields
                0x08008f2c       0x48 ./Core/Src/bme680/bme68x.o
 .text.get_calib_data
                0x08008f74      0x21e ./Core/Src/bme680/bme68x.o
 .text.read_variant_id
                0x08009192       0x3a ./Core/Src/bme680/bme68x.o
 .text.bme68x_start
                0x080091cc       0xa0 ./Core/Src/bme680/bme68x_necessary_functions.o
                0x080091cc                bme68x_start
 .text.bme68x_single_measure
                0x0800926c       0x7c ./Core/Src/bme680/bme68x_necessary_functions.o
                0x0800926c                bme68x_single_measure
 .text.bme68x_i2c_write
                0x080092e8       0x50 ./Core/Src/bme680/bme68x_necessary_functions.o
                0x080092e8                bme68x_i2c_write
 .text.bme68x_i2c_read
                0x08009338       0x58 ./Core/Src/bme680/bme68x_necessary_functions.o
                0x08009338                bme68x_i2c_read
 .text.bme68x_delay_us
                0x08009390       0x28 ./Core/Src/bme680/bme68x_necessary_functions.o
                0x08009390                bme68x_delay_us
 .text.bme68x_interface_init
                0x080093b8       0x94 ./Core/Src/bme680/bme68x_necessary_functions.o
                0x080093b8                bme68x_interface_init
 .text.bme68x_GetGasReference
                0x0800944c       0x6c ./Core/Src/bme680/bme68x_necessary_functions.o
                0x0800944c                bme68x_GetGasReference
 .text.bme68x_GetHumidityScore
                0x080094b8      0x178 ./Core/Src/bme680/bme68x_necessary_functions.o
                0x080094b8                bme68x_GetHumidityScore
 .text.bme68x_GetGasScore
                0x08009630      0x134 ./Core/Src/bme680/bme68x_necessary_functions.o
                0x08009630                bme68x_GetGasScore
 .text.bme68x_iaq
                0x08009764       0x8c ./Core/Src/bme680/bme68x_necessary_functions.o
                0x08009764                bme68x_iaq
 .text.Reset_Handler
                0x080097f0       0x50 ./Core/Startup/startup_stm32l432kcux.o
                0x080097f0                Reset_Handler
 .text.Default_Handler
                0x08009840        0x2 ./Core/Startup/startup_stm32l432kcux.o
                0x08009840                RTC_Alarm_IRQHandler
                0x08009840                EXTI2_IRQHandler
                0x08009840                TIM1_CC_IRQHandler
                0x08009840                TSC_IRQHandler
                0x08009840                TAMP_STAMP_IRQHandler
                0x08009840                EXTI3_IRQHandler
                0x08009840                LPTIM2_IRQHandler
                0x08009840                I2C3_ER_IRQHandler
                0x08009840                EXTI0_IRQHandler
                0x08009840                CAN1_RX0_IRQHandler
                0x08009840                FPU_IRQHandler
                0x08009840                TIM1_UP_TIM16_IRQHandler
                0x08009840                SPI1_IRQHandler
                0x08009840                TIM6_DAC_IRQHandler
                0x08009840                DMA2_Channel2_IRQHandler
                0x08009840                DMA1_Channel4_IRQHandler
                0x08009840                ADC1_IRQHandler
                0x08009840                DMA1_Channel7_IRQHandler
                0x08009840                CAN1_RX1_IRQHandler
                0x08009840                DMA2_Channel1_IRQHandler
                0x08009840                QUADSPI_IRQHandler
                0x08009840                I2C1_EV_IRQHandler
                0x08009840                DMA1_Channel6_IRQHandler
                0x08009840                DMA2_Channel4_IRQHandler
                0x08009840                RCC_IRQHandler
                0x08009840                TIM1_TRG_COM_IRQHandler
                0x08009840                DMA1_Channel1_IRQHandler
                0x08009840                Default_Handler
                0x08009840                DMA2_Channel7_IRQHandler
                0x08009840                EXTI15_10_IRQHandler
                0x08009840                I2C3_EV_IRQHandler
                0x08009840                USB_IRQHandler
                0x08009840                RTC_WKUP_IRQHandler
                0x08009840                PVD_PVM_IRQHandler
                0x08009840                CAN1_TX_IRQHandler
                0x08009840                DMA2_Channel5_IRQHandler
                0x08009840                CRS_IRQHandler
                0x08009840                DMA1_Channel5_IRQHandler
                0x08009840                EXTI4_IRQHandler
                0x08009840                RNG_IRQHandler
                0x08009840                DMA1_Channel3_IRQHandler
                0x08009840                COMP_IRQHandler
                0x08009840                WWDG_IRQHandler
                0x08009840                LPUART1_IRQHandler
                0x08009840                DMA2_Channel6_IRQHandler
                0x08009840                TIM2_IRQHandler
                0x08009840                EXTI1_IRQHandler
                0x08009840                USART2_IRQHandler
                0x08009840                DMA1_Channel2_IRQHandler
                0x08009840                CAN1_SCE_IRQHandler
                0x08009840                FLASH_IRQHandler
                0x08009840                USART1_IRQHandler
                0x08009840                SPI3_IRQHandler
                0x08009840                I2C1_ER_IRQHandler
                0x08009840                SWPMI1_IRQHandler
                0x08009840                LPTIM1_IRQHandler
                0x08009840                SAI1_IRQHandler
                0x08009840                DMA2_Channel3_IRQHandler
                0x08009840                TIM1_BRK_TIM15_IRQHandler
 .text.HAL_Init
                0x08009842       0x30 ./Drivers/STM32L4xx_HAL_Driver/Src/stm32l4xx_hal.o
                0x08009842                HAL_Init
 *fill*         0x08009872        0x2 
 .text.HAL_InitTick
                0x08009874       0x78 ./Drivers/STM32L4xx_HAL_Driver/Src/stm32l4xx_hal.o
                0x08009874                HAL_InitTick
 .text.HAL_IncTick
                0x080098ec       0x28 ./Drivers/STM32L4xx_HAL_Driver/Src/stm32l4xx_hal.o
                0x080098ec                HAL_IncTick
 .text.HAL_GetTick
                0x08009914       0x18 ./Drivers/STM32L4xx_HAL_Driver/Src/stm32l4xx_hal.o
                0x08009914                HAL_GetTick
 .text.HAL_Delay
                0x0800992c       0x48 ./Drivers/STM32L4xx_HAL_Driver/Src/stm32l4xx_hal.o
                0x0800992c                HAL_Delay
 .text.LL_ADC_SetCommonClock
                0x08009974       0x26 ./Drivers/STM32L4xx_HAL_Driver/Src/stm32l4xx_hal_adc.o
 .text.LL_ADC_SetCommonPathInternalCh
                0x0800999a       0x26 ./Drivers/STM32L4xx_HAL_Driver/Src/stm32l4xx_hal_adc.o
 .text.LL_ADC_GetCommonPathInternalCh
                0x080099c0       0x1c ./Drivers/STM32L4xx_HAL_Driver/Src/stm32l4xx_hal_adc.o
 .text.LL_ADC_SetOffset
                0x080099dc       0x48 ./Drivers/STM32L4xx_HAL_Driver/Src/stm32l4xx_hal_adc.o
 .text.LL_ADC_GetOffsetChannel
                0x08009a24       0x2c ./Drivers/STM32L4xx_HAL_Driver/Src/stm32l4xx_hal_adc.o
 .text.LL_ADC_SetOffsetState
                0x08009a50       0x36 ./Drivers/STM32L4xx_HAL_Driver/Src/stm32l4xx_hal_adc.o
 .text.LL_ADC_REG_IsTriggerSourceSWStart
                0x08009a86       0x26 ./Drivers/STM32L4xx_HAL_Driver/Src/stm32l4xx_hal_adc.o
 .text.LL_ADC_REG_SetSequencerRanks
                0x08009aac       0x58 ./Drivers/STM32L4xx_HAL_Driver/Src/stm32l4xx_hal_adc.o
 .text.LL_ADC_SetChannelSamplingTime
                0x08009b04       0x56 ./Drivers/STM32L4xx_HAL_Driver/Src/stm32l4xx_hal_adc.o
 *fill*         0x08009b5a        0x2 
 .text.LL_ADC_SetChannelSingleDiff
                0x08009b5c       0x48 ./Drivers/STM32L4xx_HAL_Driver/Src/stm32l4xx_hal_adc.o
 .text.LL_ADC_DisableDeepPowerDown
                0x08009ba4       0x24 ./Drivers/STM32L4xx_HAL_Driver/Src/stm32l4xx_hal_adc.o
 .text.LL_ADC_IsDeepPowerDownEnabled
                0x08009bc8       0x28 ./Drivers/STM32L4xx_HAL_Driver/Src/stm32l4xx_hal_adc.o
 .text.LL_ADC_EnableInternalRegulator
                0x08009bf0       0x28 ./Drivers/STM32L4xx_HAL_Driver/Src/stm32l4xx_hal_adc.o
 .text.LL_ADC_IsInternalRegulatorEnabled
                0x08009c18       0x28 ./Drivers/STM32L4xx_HAL_Driver/Src/stm32l4xx_hal_adc.o
 .text.LL_ADC_Enable
                0x08009c40       0x28 ./Drivers/STM32L4xx_HAL_Driver/Src/stm32l4xx_hal_adc.o
 .text.LL_ADC_Disable
                0x08009c68       0x28 ./Drivers/STM32L4xx_HAL_Driver/Src/stm32l4xx_hal_adc.o
 .text.LL_ADC_IsEnabled
                0x08009c90       0x26 ./Drivers/STM32L4xx_HAL_Driver/Src/stm32l4xx_hal_adc.o
 .text.LL_ADC_IsDisableOngoing
                0x08009cb6       0x26 ./Drivers/STM32L4xx_HAL_Driver/Src/stm32l4xx_hal_adc.o
 .text.LL_ADC_REG_StartConversion
                0x08009cdc       0x28 ./Drivers/STM32L4xx_HAL_Driver/Src/stm32l4xx_hal_adc.o
 .text.LL_ADC_REG_IsConversionOngoing
                0x08009d04       0x26 ./Drivers/STM32L4xx_HAL_Driver/Src/stm32l4xx_hal_adc.o
 .text.LL_ADC_INJ_IsConversionOngoing
                0x08009d2a       0x26 ./Drivers/STM32L4xx_HAL_Driver/Src/stm32l4xx_hal_adc.o
 .text.HAL_ADC_Init
                0x08009d50      0x284 ./Drivers/STM32L4xx_HAL_Driver/Src/stm32l4xx_hal_adc.o
                0x08009d50                HAL_ADC_Init
 .text.HAL_ADC_Start
                0x08009fd4       0xc6 ./Drivers/STM32L4xx_HAL_Driver/Src/stm32l4xx_hal_adc.o
                0x08009fd4                HAL_ADC_Start
 .text.HAL_ADC_PollForConversion
                0x0800a09a      0x11e ./Drivers/STM32L4xx_HAL_Driver/Src/stm32l4xx_hal_adc.o
                0x0800a09a                HAL_ADC_PollForConversion
 .text.HAL_ADC_GetValue
                0x0800a1b8       0x1a ./Drivers/STM32L4xx_HAL_Driver/Src/stm32l4xx_hal_adc.o
                0x0800a1b8                HAL_ADC_GetValue
 *fill*         0x0800a1d2        0x2 
 .text.HAL_ADC_ConfigChannel
                0x0800a1d4      0x7c4 ./Drivers/STM32L4xx_HAL_Driver/Src/stm32l4xx_hal_adc.o
                0x0800a1d4                HAL_ADC_ConfigChannel
 .text.ADC_Enable
                0x0800a998      0x10c ./Drivers/STM32L4xx_HAL_Driver/Src/stm32l4xx_hal_adc.o
                0x0800a998                ADC_Enable
 .text.ADC_Disable
                0x0800aaa4       0xbe ./Drivers/STM32L4xx_HAL_Driver/Src/stm32l4xx_hal_adc.o
                0x0800aaa4                ADC_Disable
 .text.LL_ADC_StartCalibration
                0x0800ab62       0x32 ./Drivers/STM32L4xx_HAL_Driver/Src/stm32l4xx_hal_adc_ex.o
 .text.LL_ADC_IsCalibrationOnGoing
                0x0800ab94       0x28 ./Drivers/STM32L4xx_HAL_Driver/Src/stm32l4xx_hal_adc_ex.o
 .text.HAL_ADCEx_Calibration_Start
                0x0800abbc       0xc0 ./Drivers/STM32L4xx_HAL_Driver/Src/stm32l4xx_hal_adc_ex.o
                0x0800abbc                HAL_ADCEx_Calibration_Start
 .text.__NVIC_SetPriorityGrouping
                0x0800ac7c       0x48 ./Drivers/STM32L4xx_HAL_Driver/Src/stm32l4xx_hal_cortex.o
 .text.__NVIC_GetPriorityGrouping
                0x0800acc4       0x1c ./Drivers/STM32L4xx_HAL_Driver/Src/stm32l4xx_hal_cortex.o
 .text.__NVIC_EnableIRQ
                0x0800ace0       0x3c ./Drivers/STM32L4xx_HAL_Driver/Src/stm32l4xx_hal_cortex.o
 .text.__NVIC_SetPriority
                0x0800ad1c       0x54 ./Drivers/STM32L4xx_HAL_Driver/Src/stm32l4xx_hal_cortex.o
 .text.NVIC_EncodePriority
                0x0800ad70       0x66 ./Drivers/STM32L4xx_HAL_Driver/Src/stm32l4xx_hal_cortex.o
 *fill*         0x0800add6        0x2 
 .text.SysTick_Config
                0x0800add8       0x44 ./Drivers/STM32L4xx_HAL_Driver/Src/stm32l4xx_hal_cortex.o
 .text.HAL_NVIC_SetPriorityGrouping
                0x0800ae1c       0x16 ./Drivers/STM32L4xx_HAL_Driver/Src/stm32l4xx_hal_cortex.o
                0x0800ae1c                HAL_NVIC_SetPriorityGrouping
 .text.HAL_NVIC_SetPriority
                0x0800ae32       0x38 ./Drivers/STM32L4xx_HAL_Driver/Src/stm32l4xx_hal_cortex.o
                0x0800ae32                HAL_NVIC_SetPriority
 .text.HAL_NVIC_EnableIRQ
                0x0800ae6a       0x1c ./Drivers/STM32L4xx_HAL_Driver/Src/stm32l4xx_hal_cortex.o
                0x0800ae6a                HAL_NVIC_EnableIRQ
 .text.HAL_SYSTICK_Config
                0x0800ae86       0x18 ./Drivers/STM32L4xx_HAL_Driver/Src/stm32l4xx_hal_cortex.o
                0x0800ae86                HAL_SYSTICK_Config
 *fill*         0x0800ae9e        0x2 
 .text.HAL_GPIO_Init
                0x0800aea0      0x2d4 ./Drivers/STM32L4xx_HAL_Driver/Src/stm32l4xx_hal_gpio.o
                0x0800aea0                HAL_GPIO_Init
 .text.HAL_GPIO_WritePin
                0x0800b174       0x30 ./Drivers/STM32L4xx_HAL_Driver/Src/stm32l4xx_hal_gpio.o
                0x0800b174                HAL_GPIO_WritePin
 .text.HAL_GPIO_EXTI_IRQHandler
                0x0800b1a4       0x30 ./Drivers/STM32L4xx_HAL_Driver/Src/stm32l4xx_hal_gpio.o
                0x0800b1a4                HAL_GPIO_EXTI_IRQHandler
 .text.HAL_I2C_Init
                0x0800b1d4      0x136 ./Drivers/STM32L4xx_HAL_Driver/Src/stm32l4xx_hal_i2c.o
                0x0800b1d4                HAL_I2C_Init
 *fill*         0x0800b30a        0x2 
 .text.HAL_I2C_Mem_Write
                0x0800b30c      0x228 ./Drivers/STM32L4xx_HAL_Driver/Src/stm32l4xx_hal_i2c.o
                0x0800b30c                HAL_I2C_Mem_Write
 .text.HAL_I2C_Mem_Read
                0x0800b534      0x234 ./Drivers/STM32L4xx_HAL_Driver/Src/stm32l4xx_hal_i2c.o
                0x0800b534                HAL_I2C_Mem_Read
 .text.HAL_I2C_IsDeviceReady
                0x0800b768      0x1d8 ./Drivers/STM32L4xx_HAL_Driver/Src/stm32l4xx_hal_i2c.o
                0x0800b768                HAL_I2C_IsDeviceReady
 .text.I2C_RequestMemoryWrite
                0x0800b940       0xa8 ./Drivers/STM32L4xx_HAL_Driver/Src/stm32l4xx_hal_i2c.o
 .text.I2C_RequestMemoryRead
                0x0800b9e8       0xa8 ./Drivers/STM32L4xx_HAL_Driver/Src/stm32l4xx_hal_i2c.o
 .text.I2C_Flush_TXDR
                0x0800ba90       0x48 ./Drivers/STM32L4xx_HAL_Driver/Src/stm32l4xx_hal_i2c.o
 .text.I2C_WaitOnFlagUntilTimeout
                0x0800bad8       0xb2 ./Drivers/STM32L4xx_HAL_Driver/Src/stm32l4xx_hal_i2c.o
 .text.I2C_WaitOnTXISFlagUntilTimeout
                0x0800bb8a       0x8e ./Drivers/STM32L4xx_HAL_Driver/Src/stm32l4xx_hal_i2c.o
 .text.I2C_WaitOnSTOPFlagUntilTimeout
                0x0800bc18       0x86 ./Drivers/STM32L4xx_HAL_Driver/Src/stm32l4xx_hal_i2c.o
 *fill*         0x0800bc9e        0x2 
 .text.I2C_IsErrorOccurred
                0x0800bca0      0x1c0 ./Drivers/STM32L4xx_HAL_Driver/Src/stm32l4xx_hal_i2c.o
 .text.I2C_TransferConfig
                0x0800be60       0x64 ./Drivers/STM32L4xx_HAL_Driver/Src/stm32l4xx_hal_i2c.o
 .text.HAL_I2CEx_ConfigAnalogFilter
                0x0800bec4       0x96 ./Drivers/STM32L4xx_HAL_Driver/Src/stm32l4xx_hal_i2c_ex.o
                0x0800bec4                HAL_I2CEx_ConfigAnalogFilter
 .text.HAL_I2CEx_ConfigDigitalFilter
                0x0800bf5a       0x98 ./Drivers/STM32L4xx_HAL_Driver/Src/stm32l4xx_hal_i2c_ex.o
                0x0800bf5a                HAL_I2CEx_ConfigDigitalFilter
 *fill*         0x0800bff2        0x2 
 .text.HAL_PWREx_GetVoltageRange
                0x0800bff4       0x1c ./Drivers/STM32L4xx_HAL_Driver/Src/stm32l4xx_hal_pwr_ex.o
                0x0800bff4                HAL_PWREx_GetVoltageRange
 .text.HAL_PWREx_ControlVoltageScaling
                0x0800c010       0xac ./Drivers/STM32L4xx_HAL_Driver/Src/stm32l4xx_hal_pwr_ex.o
                0x0800c010                HAL_PWREx_ControlVoltageScaling
 .text.HAL_RCC_OscConfig
                0x0800c0bc      0x828 ./Drivers/STM32L4xx_HAL_Driver/Src/stm32l4xx_hal_rcc.o
                0x0800c0bc                HAL_RCC_OscConfig
 .text.HAL_RCC_ClockConfig
                0x0800c8e4      0x200 ./Drivers/STM32L4xx_HAL_Driver/Src/stm32l4xx_hal_rcc.o
                0x0800c8e4                HAL_RCC_ClockConfig
 .text.HAL_RCC_GetSysClockFreq
                0x0800cae4      0x118 ./Drivers/STM32L4xx_HAL_Driver/Src/stm32l4xx_hal_rcc.o
                0x0800cae4                HAL_RCC_GetSysClockFreq
 .text.HAL_RCC_GetHCLKFreq
                0x0800cbfc       0x18 ./Drivers/STM32L4xx_HAL_Driver/Src/stm32l4xx_hal_rcc.o
                0x0800cbfc                HAL_RCC_GetHCLKFreq
 .text.HAL_RCC_GetPCLK1Freq
                0x0800cc14       0x2c ./Drivers/STM32L4xx_HAL_Driver/Src/stm32l4xx_hal_rcc.o
                0x0800cc14                HAL_RCC_GetPCLK1Freq
 .text.HAL_RCC_GetPCLK2Freq
                0x0800cc40       0x2c ./Drivers/STM32L4xx_HAL_Driver/Src/stm32l4xx_hal_rcc.o
                0x0800cc40                HAL_RCC_GetPCLK2Freq
 .text.RCC_SetFlashLatencyFromMSIRange
                0x0800cc6c       0xc0 ./Drivers/STM32L4xx_HAL_Driver/Src/stm32l4xx_hal_rcc.o
 .text.HAL_RCCEx_PeriphCLKConfig
                0x0800cd2c      0x3ec ./Drivers/STM32L4xx_HAL_Driver/Src/stm32l4xx_hal_rcc_ex.o
                0x0800cd2c                HAL_RCCEx_PeriphCLKConfig
 .text.RCCEx_PLLSAI1_Config
                0x0800d118      0x1e4 ./Drivers/STM32L4xx_HAL_Driver/Src/stm32l4xx_hal_rcc_ex.o
 .text.HAL_SPI_Init
                0x0800d2fc      0x146 ./Drivers/STM32L4xx_HAL_Driver/Src/stm32l4xx_hal_spi.o
                0x0800d2fc                HAL_SPI_Init
 .text.HAL_SPI_TransmitReceive
                0x0800d442      0x43e ./Drivers/STM32L4xx_HAL_Driver/Src/stm32l4xx_hal_spi.o
                0x0800d442                HAL_SPI_TransmitReceive
 .text.SPI_WaitFlagStateUntilTimeout
                0x0800d880      0x110 ./Drivers/STM32L4xx_HAL_Driver/Src/stm32l4xx_hal_spi.o
 .text.SPI_WaitFifoStateUntilTimeout
                0x0800d990      0x12c ./Drivers/STM32L4xx_HAL_Driver/Src/stm32l4xx_hal_spi.o
 .text.SPI_EndRxTxTransaction
                0x0800dabc       0x8c ./Drivers/STM32L4xx_HAL_Driver/Src/stm32l4xx_hal_spi.o
 .text.HAL_TIM_Base_Init
                0x0800db48       0xae ./Drivers/STM32L4xx_HAL_Driver/Src/stm32l4xx_hal_tim.o
                0x0800db48                HAL_TIM_Base_Init
 *fill*         0x0800dbf6        0x2 
 .text.HAL_TIM_Base_Start_IT
                0x0800dbf8       0xa8 ./Drivers/STM32L4xx_HAL_Driver/Src/stm32l4xx_hal_tim.o
                0x0800dbf8                HAL_TIM_Base_Start_IT
 .text.HAL_TIM_IRQHandler
                0x0800dca0      0x20e ./Drivers/STM32L4xx_HAL_Driver/Src/stm32l4xx_hal_tim.o
                0x0800dca0                HAL_TIM_IRQHandler
 .text.HAL_TIM_OC_DelayElapsedCallback
                0x0800deae       0x14 ./Drivers/STM32L4xx_HAL_Driver/Src/stm32l4xx_hal_tim.o
                0x0800deae                HAL_TIM_OC_DelayElapsedCallback
 .text.HAL_TIM_IC_CaptureCallback
                0x0800dec2       0x14 ./Drivers/STM32L4xx_HAL_Driver/Src/stm32l4xx_hal_tim.o
                0x0800dec2                HAL_TIM_IC_CaptureCallback
 .text.HAL_TIM_PWM_PulseFinishedCallback
                0x0800ded6       0x14 ./Drivers/STM32L4xx_HAL_Driver/Src/stm32l4xx_hal_tim.o
                0x0800ded6                HAL_TIM_PWM_PulseFinishedCallback
 .text.HAL_TIM_TriggerCallback
                0x0800deea       0x14 ./Drivers/STM32L4xx_HAL_Driver/Src/stm32l4xx_hal_tim.o
                0x0800deea                HAL_TIM_TriggerCallback
 *fill*         0x0800defe        0x2 
 .text.TIM_Base_SetConfig
                0x0800df00       0xe0 ./Drivers/STM32L4xx_HAL_Driver/Src/stm32l4xx_hal_tim.o
                0x0800df00                TIM_Base_SetConfig
 .text.HAL_TIMEx_MasterConfigSynchronization
                0x0800dfe0       0xcc ./Drivers/STM32L4xx_HAL_Driver/Src/stm32l4xx_hal_tim_ex.o
                0x0800dfe0                HAL_TIMEx_MasterConfigSynchronization
 .text.HAL_TIMEx_CommutCallback
                0x0800e0ac       0x14 ./Drivers/STM32L4xx_HAL_Driver/Src/stm32l4xx_hal_tim_ex.o
                0x0800e0ac                HAL_TIMEx_CommutCallback
 .text.HAL_TIMEx_BreakCallback
                0x0800e0c0       0x14 ./Drivers/STM32L4xx_HAL_Driver/Src/stm32l4xx_hal_tim_ex.o
                0x0800e0c0                HAL_TIMEx_BreakCallback
 .text.HAL_TIMEx_Break2Callback
                0x0800e0d4       0x14 ./Drivers/STM32L4xx_HAL_Driver/Src/stm32l4xx_hal_tim_ex.o
                0x0800e0d4                HAL_TIMEx_Break2Callback
 .text.HAL_UART_Init
                0x0800e0e8       0x9c ./Drivers/STM32L4xx_HAL_Driver/Src/stm32l4xx_hal_uart.o
                0x0800e0e8                HAL_UART_Init
 .text.HAL_UART_Transmit
                0x0800e184      0x112 ./Drivers/STM32L4xx_HAL_Driver/Src/stm32l4xx_hal_uart.o
                0x0800e184                HAL_UART_Transmit
 *fill*         0x0800e296        0x2 
 .text.UART_SetConfig
                0x0800e298      0x458 ./Drivers/STM32L4xx_HAL_Driver/Src/stm32l4xx_hal_uart.o
                0x0800e298                UART_SetConfig
 .text.UART_AdvFeatureConfig
                0x0800e6f0      0x144 ./Drivers/STM32L4xx_HAL_Driver/Src/stm32l4xx_hal_uart.o
                0x0800e6f0                UART_AdvFeatureConfig
 .text.UART_CheckIdleState
                0x0800e834      0x150 ./Drivers/STM32L4xx_HAL_Driver/Src/stm32l4xx_hal_uart.o
                0x0800e834                UART_CheckIdleState
 .text.UART_WaitOnFlagUntilTimeout
                0x0800e984       0xda ./Drivers/STM32L4xx_HAL_Driver/Src/stm32l4xx_hal_uart.o
                0x0800e984                UART_WaitOnFlagUntilTimeout
 .text.UART_EndRxTransfer
                0x0800ea5e       0xc8 ./Drivers/STM32L4xx_HAL_Driver/Src/stm32l4xx_hal_uart.o
 *fill*         0x0800eb26        0x2 
 .text.__assert_func
                0x0800eb28       0x3c C:/ST/STM32CubeIDE_1.19.0/STM32CubeIDE/plugins/com.st.stm32cube.ide.mcu.externaltools.gnu-tools-for-stm32.13.3.rel1.win32_1.0.100.202509120712/tools/bin/../lib/gcc/arm-none-eabi/13.3.1/../../../../arm-none-eabi/lib/thumb/v7e-m+fp/hard\libc_nano.a(libc_a-assert.o)
                0x0800eb28                __assert_func
 .text.gcvt     0x0800eb64       0x58 C:/ST/STM32CubeIDE_1.19.0/STM32CubeIDE/plugins/com.st.stm32cube.ide.mcu.externaltools.gnu-tools-for-stm32.13.3.rel1.win32_1.0.100.202509120712/tools/bin/../lib/gcc/arm-none-eabi/13.3.1/../../../../arm-none-eabi/lib/thumb/v7e-m+fp/hard\libc_nano.a(libc_a-efgcvt.o)
                0x0800eb64                gcvt
 .text.__cvt    0x0800ebbc       0xca C:/ST/STM32CubeIDE_1.19.0/STM32CubeIDE/plugins/com.st.stm32cube.ide.mcu.externaltools.gnu-tools-for-stm32.13.3.rel1.win32_1.0.100.202509120712/tools/bin/../lib/gcc/arm-none-eabi/13.3.1/../../../../arm-none-eabi/lib/thumb/v7e-m+fp/hard\libc_nano.a(libc_a-nano-vfprintf_float.o)
                0x0800ebbc                __cvt
 .text.__exponent
                0x0800ec86       0x74 C:/ST/STM32CubeIDE_1.19.0/STM32CubeIDE/plugins/com.st.stm32cube.ide.mcu.externaltools.gnu-tools-for-stm32.13.3.rel1.win32_1.0.100.202509120712/tools/bin/../lib/gcc/arm-none-eabi/13.3.1/../../../../arm-none-eabi/lib/thumb/v7e-m+fp/hard\libc_nano.a(libc_a-nano-vfprintf_float.o)
                0x0800ec86                __exponent
 *fill*         0x0800ecfa        0x2 
 .text._printf_float
                0x0800ecfc      0x454 C:/ST/STM32CubeIDE_1.19.0/STM32CubeIDE/plugins/com.st.stm32cube.ide.mcu.externaltools.gnu-tools-for-stm32.13.3.rel1.win32_1.0.100.202509120712/tools/bin/../lib/gcc/arm-none-eabi/13.3.1/../../../../arm-none-eabi/lib/thumb/v7e-m+fp/hard\libc_nano.a(libc_a-nano-vfprintf_float.o)
                0x0800ecfc                _printf_float
 .text._printf_common
                0x0800f150       0xda C:/ST/STM32CubeIDE_1.19.0/STM32CubeIDE/plugins/com.st.stm32cube.ide.mcu.externaltools.gnu-tools-for-stm32.13.3.rel1.win32_1.0.100.202509120712/tools/bin/../lib/gcc/arm-none-eabi/13.3.1/../../../../arm-none-eabi/lib/thumb/v7e-m+fp/hard\libc_nano.a(libc_a-nano-vfprintf_i.o)
                0x0800f150                _printf_common
 *fill*         0x0800f22a        0x2 
 .text._printf_i
                0x0800f22c      0x23c C:/ST/STM32CubeIDE_1.19.0/STM32CubeIDE/plugins/com.st.stm32cube.ide.mcu.externaltools.gnu-tools-for-stm32.13.3.rel1.win32_1.0.100.202509120712/tools/bin/../lib/gcc/arm-none-eabi/13.3.1/../../../../arm-none-eabi/lib/thumb/v7e-m+fp/hard\libc_nano.a(libc_a-nano-vfprintf_i.o)
                0x0800f22c                _printf_i
 .text._scanf_float
                0x0800f468      0x41c C:/ST/STM32CubeIDE_1.19.0/STM32CubeIDE/plugins/com.st.stm32cube.ide.mcu.externaltools.gnu-tools-for-stm32.13.3.rel1.win32_1.0.100.202509120712/tools/bin/../lib/gcc/arm-none-eabi/13.3.1/../../../../arm-none-eabi/lib/thumb/v7e-m+fp/hard\libc_nano.a(libc_a-nano-vfscanf_float.o)
                0x0800f468                _scanf_float
 .text.std      0x0800f884       0x6c C:/ST/STM32CubeIDE_1.19.0/STM32CubeIDE/plugins/com.st.stm32cube.ide.mcu.externaltools.gnu-tools-for-stm32.13.3.rel1.win32_1.0.100.202509120712/tools/bin/../lib/gcc/arm-none-eabi/13.3.1/../../../../arm-none-eabi/lib/thumb/v7e-m+fp/hard\libc_nano.a(libc_a-findfp.o)
 .text.stdio_exit_handler
                0x0800f8f0       0x18 C:/ST/STM32CubeIDE_1.19.0/STM32CubeIDE/plugins/com.st.stm32cube.ide.mcu.externaltools.gnu-tools-for-stm32.13.3.rel1.win32_1.0.100.202509120712/tools/bin/../lib/gcc/arm-none-eabi/13.3.1/../../../../arm-none-eabi/lib/thumb/v7e-m+fp/hard\libc_nano.a(libc_a-findfp.o)
 .text.cleanup_stdio
                0x0800f908       0x40 C:/ST/STM32CubeIDE_1.19.0/STM32CubeIDE/plugins/com.st.stm32cube.ide.mcu.externaltools.gnu-tools-for-stm32.13.3.rel1.win32_1.0.100.202509120712/tools/bin/../lib/gcc/arm-none-eabi/13.3.1/../../../../arm-none-eabi/lib/thumb/v7e-m+fp/hard\libc_nano.a(libc_a-findfp.o)
 .text.global_stdio_init.part.0
                0x0800f948       0x3c C:/ST/STM32CubeIDE_1.19.0/STM32CubeIDE/plugins/com.st.stm32cube.ide.mcu.externaltools.gnu-tools-for-stm32.13.3.rel1.win32_1.0.100.202509120712/tools/bin/../lib/gcc/arm-none-eabi/13.3.1/../../../../arm-none-eabi/lib/thumb/v7e-m+fp/hard\libc_nano.a(libc_a-findfp.o)
 .text.__sfp_lock_acquire
                0x0800f984        0xc C:/ST/STM32CubeIDE_1.19.0/STM32CubeIDE/plugins/com.st.stm32cube.ide.mcu.externaltools.gnu-tools-for-stm32.13.3.rel1.win32_1.0.100.202509120712/tools/bin/../lib/gcc/arm-none-eabi/13.3.1/../../../../arm-none-eabi/lib/thumb/v7e-m+fp/hard\libc_nano.a(libc_a-findfp.o)
                0x0800f984                __sfp_lock_acquire
 .text.__sfp_lock_release
                0x0800f990        0xc C:/ST/STM32CubeIDE_1.19.0/STM32CubeIDE/plugins/com.st.stm32cube.ide.mcu.externaltools.gnu-tools-for-stm32.13.3.rel1.win32_1.0.100.202509120712/tools/bin/../lib/gcc/arm-none-eabi/13.3.1/../../../../arm-none-eabi/lib/thumb/v7e-m+fp/hard\libc_nano.a(libc_a-findfp.o)
                0x0800f990                __sfp_lock_release
 .text.__sinit  0x0800f99c       0x30 C:/ST/STM32CubeIDE_1.19.0/STM32CubeIDE/plugins/com.st.stm32cube.ide.mcu.externaltools.gnu-tools-for-stm32.13.3.rel1.win32_1.0.100.202509120712/tools/bin/../lib/gcc/arm-none-eabi/13.3.1/../../../../arm-none-eabi/lib/thumb/v7e-m+fp/hard\libc_nano.a(libc_a-findfp.o)
                0x0800f99c                __sinit
 .text.fprintf  0x0800f9cc       0x24 C:/ST/STM32CubeIDE_1.19.0/STM32CubeIDE/plugins/com.st.stm32cube.ide.mcu.externaltools.gnu-tools-for-stm32.13.3.rel1.win32_1.0.100.202509120712/tools/bin/../lib/gcc/arm-none-eabi/13.3.1/../../../../arm-none-eabi/lib/thumb/v7e-m+fp/hard\libc_nano.a(libc_a-fprintf.o)
                0x0800f9cc                fiprintf
                0x0800f9cc                fprintf
 .text._fwalk_sglue
                0x0800f9f0       0x3c C:/ST/STM32CubeIDE_1.19.0/STM32CubeIDE/plugins/com.st.stm32cube.ide.mcu.externaltools.gnu-tools-for-stm32.13.3.rel1.win32_1.0.100.202509120712/tools/bin/../lib/gcc/arm-none-eabi/13.3.1/../../../../arm-none-eabi/lib/thumb/v7e-m+fp/hard\libc_nano.a(libc_a-fwalk.o)
                0x0800f9f0                _fwalk_sglue
 .text.sprintf  0x0800fa2c       0x44 C:/ST/STM32CubeIDE_1.19.0/STM32CubeIDE/plugins/com.st.stm32cube.ide.mcu.externaltools.gnu-tools-for-stm32.13.3.rel1.win32_1.0.100.202509120712/tools/bin/../lib/gcc/arm-none-eabi/13.3.1/../../../../arm-none-eabi/lib/thumb/v7e-m+fp/hard\libc_nano.a(libc_a-sprintf.o)
                0x0800fa2c                siprintf
                0x0800fa2c                sprintf
 .text.__sread  0x0800fa70       0x22 C:/ST/STM32CubeIDE_1.19.0/STM32CubeIDE/plugins/com.st.stm32cube.ide.mcu.externaltools.gnu-tools-for-stm32.13.3.rel1.win32_1.0.100.202509120712/tools/bin/../lib/gcc/arm-none-eabi/13.3.1/../../../../arm-none-eabi/lib/thumb/v7e-m+fp/hard\libc_nano.a(libc_a-stdio.o)
                0x0800fa70                __sread
 .text.__swrite
                0x0800fa92       0x38 C:/ST/STM32CubeIDE_1.19.0/STM32CubeIDE/plugins/com.st.stm32cube.ide.mcu.externaltools.gnu-tools-for-stm32.13.3.rel1.win32_1.0.100.202509120712/tools/bin/../lib/gcc/arm-none-eabi/13.3.1/../../../../arm-none-eabi/lib/thumb/v7e-m+fp/hard\libc_nano.a(libc_a-stdio.o)
                0x0800fa92                __swrite
 .text.__sseek  0x0800faca       0x24 C:/ST/STM32CubeIDE_1.19.0/STM32CubeIDE/plugins/com.st.stm32cube.ide.mcu.externaltools.gnu-tools-for-stm32.13.3.rel1.win32_1.0.100.202509120712/tools/bin/../lib/gcc/arm-none-eabi/13.3.1/../../../../arm-none-eabi/lib/thumb/v7e-m+fp/hard\libc_nano.a(libc_a-stdio.o)
                0x0800faca                __sseek
 .text.__sclose
                0x0800faee        0x8 C:/ST/STM32CubeIDE_1.19.0/STM32CubeIDE/plugins/com.st.stm32cube.ide.mcu.externaltools.gnu-tools-for-stm32.13.3.rel1.win32_1.0.100.202509120712/tools/bin/../lib/gcc/arm-none-eabi/13.3.1/../../../../arm-none-eabi/lib/thumb/v7e-m+fp/hard\libc_nano.a(libc_a-stdio.o)
                0x0800faee                __sclose
 .text.memset   0x0800faf6       0x10 C:/ST/STM32CubeIDE_1.19.0/STM32CubeIDE/plugins/com.st.stm32cube.ide.mcu.externaltools.gnu-tools-for-stm32.13.3.rel1.win32_1.0.100.202509120712/tools/bin/../lib/gcc/arm-none-eabi/13.3.1/../../../../arm-none-eabi/lib/thumb/v7e-m+fp/hard\libc_nano.a(libc_a-memset.o)
                0x0800faf6                memset
 *fill*         0x0800fb06        0x2 
 .text._localeconv_r
                0x0800fb08        0x8 C:/ST/STM32CubeIDE_1.19.0/STM32CubeIDE/plugins/com.st.stm32cube.ide.mcu.externaltools.gnu-tools-for-stm32.13.3.rel1.win32_1.0.100.202509120712/tools/bin/../lib/gcc/arm-none-eabi/13.3.1/../../../../arm-none-eabi/lib/thumb/v7e-m+fp/hard\libc_nano.a(libc_a-localeconv.o)
                0x0800fb08                _localeconv_r
 .text._close_r
                0x0800fb10       0x20 C:/ST/STM32CubeIDE_1.19.0/STM32CubeIDE/plugins/com.st.stm32cube.ide.mcu.externaltools.gnu-tools-for-stm32.13.3.rel1.win32_1.0.100.202509120712/tools/bin/../lib/gcc/arm-none-eabi/13.3.1/../../../../arm-none-eabi/lib/thumb/v7e-m+fp/hard\libc_nano.a(libc_a-closer.o)
                0x0800fb10                _close_r
 .text._lseek_r
                0x0800fb30       0x24 C:/ST/STM32CubeIDE_1.19.0/STM32CubeIDE/plugins/com.st.stm32cube.ide.mcu.externaltools.gnu-tools-for-stm32.13.3.rel1.win32_1.0.100.202509120712/tools/bin/../lib/gcc/arm-none-eabi/13.3.1/../../../../arm-none-eabi/lib/thumb/v7e-m+fp/hard\libc_nano.a(libc_a-lseekr.o)
                0x0800fb30                _lseek_r
 .text._read_r  0x0800fb54       0x24 C:/ST/STM32CubeIDE_1.19.0/STM32CubeIDE/plugins/com.st.stm32cube.ide.mcu.externaltools.gnu-tools-for-stm32.13.3.rel1.win32_1.0.100.202509120712/tools/bin/../lib/gcc/arm-none-eabi/13.3.1/../../../../arm-none-eabi/lib/thumb/v7e-m+fp/hard\libc_nano.a(libc_a-readr.o)
                0x0800fb54                _read_r
 .text._write_r
                0x0800fb78       0x24 C:/ST/STM32CubeIDE_1.19.0/STM32CubeIDE/plugins/com.st.stm32cube.ide.mcu.externaltools.gnu-tools-for-stm32.13.3.rel1.win32_1.0.100.202509120712/tools/bin/../lib/gcc/arm-none-eabi/13.3.1/../../../../arm-none-eabi/lib/thumb/v7e-m+fp/hard\libc_nano.a(libc_a-writer.o)
                0x0800fb78                _write_r
 .text.__errno  0x0800fb9c        0xc C:/ST/STM32CubeIDE_1.19.0/STM32CubeIDE/plugins/com.st.stm32cube.ide.mcu.externaltools.gnu-tools-for-stm32.13.3.rel1.win32_1.0.100.202509120712/tools/bin/../lib/gcc/arm-none-eabi/13.3.1/../../../../arm-none-eabi/lib/thumb/v7e-m+fp/hard\libc_nano.a(libc_a-errno.o)
                0x0800fb9c                __errno
 .text.__libc_init_array
                0x0800fba8       0x48 C:/ST/STM32CubeIDE_1.19.0/STM32CubeIDE/plugins/com.st.stm32cube.ide.mcu.externaltools.gnu-tools-for-stm32.13.3.rel1.win32_1.0.100.202509120712/tools/bin/../lib/gcc/arm-none-eabi/13.3.1/../../../../arm-none-eabi/lib/thumb/v7e-m+fp/hard\libc_nano.a(libc_a-init.o)
                0x0800fba8                __libc_init_array
 .text.__retarget_lock_init_recursive
                0x0800fbf0        0x2 C:/ST/STM32CubeIDE_1.19.0/STM32CubeIDE/plugins/com.st.stm32cube.ide.mcu.externaltools.gnu-tools-for-stm32.13.3.rel1.win32_1.0.100.202509120712/tools/bin/../lib/gcc/arm-none-eabi/13.3.1/../../../../arm-none-eabi/lib/thumb/v7e-m+fp/hard\libc_nano.a(libc_a-lock.o)
                0x0800fbf0                __retarget_lock_init_recursive
 .text.__retarget_lock_acquire_recursive
                0x0800fbf2        0x2 C:/ST/STM32CubeIDE_1.19.0/STM32CubeIDE/plugins/com.st.stm32cube.ide.mcu.externaltools.gnu-tools-for-stm32.13.3.rel1.win32_1.0.100.202509120712/tools/bin/../lib/gcc/arm-none-eabi/13.3.1/../../../../arm-none-eabi/lib/thumb/v7e-m+fp/hard\libc_nano.a(libc_a-lock.o)
                0x0800fbf2                __retarget_lock_acquire_recursive
 .text.__retarget_lock_release_recursive
                0x0800fbf4        0x2 C:/ST/STM32CubeIDE_1.19.0/STM32CubeIDE/plugins/com.st.stm32cube.ide.mcu.externaltools.gnu-tools-for-stm32.13.3.rel1.win32_1.0.100.202509120712/tools/bin/../lib/gcc/arm-none-eabi/13.3.1/../../../../arm-none-eabi/lib/thumb/v7e-m+fp/hard\libc_nano.a(libc_a-lock.o)
                0x0800fbf4                __retarget_lock_release_recursive
 .text.memcpy   0x0800fbf6       0x1c C:/ST/STM32CubeIDE_1.19.0/STM32CubeIDE/plugins/com.st.stm32cube.ide.mcu.externaltools.gnu-tools-for-stm32.13.3.rel1.win32_1.0.100.202509120712/tools/bin/../lib/gcc/arm-none-eabi/13.3.1/../../../../arm-none-eabi/lib/thumb/v7e-m+fp/hard\libc_nano.a(libc_a-memcpy-stub.o)
                0x0800fbf6                memcpy
 *fill*         0x0800fc12        0x2 
 .text.nanf     0x0800fc14        0xc C:/ST/STM32CubeIDE_1.19.0/STM32CubeIDE/plugins/com.st.stm32cube.ide.mcu.externaltools.gnu-tools-for-stm32.13.3.rel1.win32_1.0.100.202509120712/tools/bin/../lib/gcc/arm-none-eabi/13.3.1/../../../../arm-none-eabi/lib/thumb/v7e-m+fp/hard\libc_nano.a(libm_a-sf_nan.o)
                0x0800fc14                nanf
 .text.abort    0x0800fc20        0xe C:/ST/STM32CubeIDE_1.19.0/STM32CubeIDE/plugins/com.st.stm32cube.ide.mcu.externaltools.gnu-tools-for-stm32.13.3.rel1.win32_1.0.100.202509120712/tools/bin/../lib/gcc/arm-none-eabi/13.3.1/../../../../arm-none-eabi/lib/thumb/v7e-m+fp/hard\libc_nano.a(libc_a-abort.o)
                0x0800fc20                abort
 .text.quorem   0x0800fc2e      0x110 C:/ST/STM32CubeIDE_1.19.0/STM32CubeIDE/plugins/com.st.stm32cube.ide.mcu.externaltools.gnu-tools-for-stm32.13.3.rel1.win32_1.0.100.202509120712/tools/bin/../lib/gcc/arm-none-eabi/13.3.1/../../../../arm-none-eabi/lib/thumb/v7e-m+fp/hard\libc_nano.a(libc_a-dtoa.o)
 *fill*         0x0800fd3e        0x2 
 .text._dtoa_r  0x0800fd40      0xba0 C:/ST/STM32CubeIDE_1.19.0/STM32CubeIDE/plugins/com.st.stm32cube.ide.mcu.externaltools.gnu-tools-for-stm32.13.3.rel1.win32_1.0.100.202509120712/tools/bin/../lib/gcc/arm-none-eabi/13.3.1/../../../../arm-none-eabi/lib/thumb/v7e-m+fp/hard\libc_nano.a(libc_a-dtoa.o)
                0x0800fd40                _dtoa_r
 .text._free_r  0x080108e0       0x94 C:/ST/STM32CubeIDE_1.19.0/STM32CubeIDE/plugins/com.st.stm32cube.ide.mcu.externaltools.gnu-tools-for-stm32.13.3.rel1.win32_1.0.100.202509120712/tools/bin/../lib/gcc/arm-none-eabi/13.3.1/../../../../arm-none-eabi/lib/thumb/v7e-m+fp/hard\libc_nano.a(libc_a-freer.o)
                0x080108e0                _free_r
 .text.malloc   0x08010974       0x10 C:/ST/STM32CubeIDE_1.19.0/STM32CubeIDE/plugins/com.st.stm32cube.ide.mcu.externaltools.gnu-tools-for-stm32.13.3.rel1.win32_1.0.100.202509120712/tools/bin/../lib/gcc/arm-none-eabi/13.3.1/../../../../arm-none-eabi/lib/thumb/v7e-m+fp/hard\libc_nano.a(libc_a-malloc.o)
                0x08010974                malloc
 .text.sbrk_aligned
                0x08010984       0x44 C:/ST/STM32CubeIDE_1.19.0/STM32CubeIDE/plugins/com.st.stm32cube.ide.mcu.externaltools.gnu-tools-for-stm32.13.3.rel1.win32_1.0.100.202509120712/tools/bin/../lib/gcc/arm-none-eabi/13.3.1/../../../../arm-none-eabi/lib/thumb/v7e-m+fp/hard\libc_nano.a(libc_a-mallocr.o)
 .text._malloc_r
                0x080109c8      0x100 C:/ST/STM32CubeIDE_1.19.0/STM32CubeIDE/plugins/com.st.stm32cube.ide.mcu.externaltools.gnu-tools-for-stm32.13.3.rel1.win32_1.0.100.202509120712/tools/bin/../lib/gcc/arm-none-eabi/13.3.1/../../../../arm-none-eabi/lib/thumb/v7e-m+fp/hard\libc_nano.a(libc_a-mallocr.o)
                0x080109c8                _malloc_r
 .text.__malloc_lock
                0x08010ac8        0xc C:/ST/STM32CubeIDE_1.19.0/STM32CubeIDE/plugins/com.st.stm32cube.ide.mcu.externaltools.gnu-tools-for-stm32.13.3.rel1.win32_1.0.100.202509120712/tools/bin/../lib/gcc/arm-none-eabi/13.3.1/../../../../arm-none-eabi/lib/thumb/v7e-m+fp/hard\libc_nano.a(libc_a-mlock.o)
                0x08010ac8                __malloc_lock
 .text.__malloc_unlock
                0x08010ad4        0xc C:/ST/STM32CubeIDE_1.19.0/STM32CubeIDE/plugins/com.st.stm32cube.ide.mcu.externaltools.gnu-tools-for-stm32.13.3.rel1.win32_1.0.100.202509120712/tools/bin/../lib/gcc/arm-none-eabi/13.3.1/../../../../arm-none-eabi/lib/thumb/v7e-m+fp/hard\libc_nano.a(libc_a-mlock.o)
                0x08010ad4                __malloc_unlock
 .text._Balloc  0x08010ae0       0x80 C:/ST/STM32CubeIDE_1.19.0/STM32CubeIDE/plugins/com.st.stm32cube.ide.mcu.externaltools.gnu-tools-for-stm32.13.3.rel1.win32_1.0.100.202509120712/tools/bin/../lib/gcc/arm-none-eabi/13.3.1/../../../../arm-none-eabi/lib/thumb/v7e-m+fp/hard\libc_nano.a(libc_a-mprec.o)
                0x08010ae0                _Balloc
 .text._Bfree   0x08010b60       0x44 C:/ST/STM32CubeIDE_1.19.0/STM32CubeIDE/plugins/com.st.stm32cube.ide.mcu.externaltools.gnu-tools-for-stm32.13.3.rel1.win32_1.0.100.202509120712/tools/bin/../lib/gcc/arm-none-eabi/13.3.1/../../../../arm-none-eabi/lib/thumb/v7e-m+fp/hard\libc_nano.a(libc_a-mprec.o)
                0x08010b60                _Bfree
 .text.__multadd
                0x08010ba4       0x8c C:/ST/STM32CubeIDE_1.19.0/STM32CubeIDE/plugins/com.st.stm32cube.ide.mcu.externaltools.gnu-tools-for-stm32.13.3.rel1.win32_1.0.100.202509120712/tools/bin/../lib/gcc/arm-none-eabi/13.3.1/../../../../arm-none-eabi/lib/thumb/v7e-m+fp/hard\libc_nano.a(libc_a-mprec.o)
                0x08010ba4                __multadd
 .text.__s2b    0x08010c30       0x94 C:/ST/STM32CubeIDE_1.19.0/STM32CubeIDE/plugins/com.st.stm32cube.ide.mcu.externaltools.gnu-tools-for-stm32.13.3.rel1.win32_1.0.100.202509120712/tools/bin/../lib/gcc/arm-none-eabi/13.3.1/../../../../arm-none-eabi/lib/thumb/v7e-m+fp/hard\libc_nano.a(libc_a-mprec.o)
                0x08010c30                __s2b
 .text.__hi0bits
                0x08010cc4       0x3e C:/ST/STM32CubeIDE_1.19.0/STM32CubeIDE/plugins/com.st.stm32cube.ide.mcu.externaltools.gnu-tools-for-stm32.13.3.rel1.win32_1.0.100.202509120712/tools/bin/../lib/gcc/arm-none-eabi/13.3.1/../../../../arm-none-eabi/lib/thumb/v7e-m+fp/hard\libc_nano.a(libc_a-mprec.o)
                0x08010cc4                __hi0bits
 .text.__lo0bits
                0x08010d02       0x5a C:/ST/STM32CubeIDE_1.19.0/STM32CubeIDE/plugins/com.st.stm32cube.ide.mcu.externaltools.gnu-tools-for-stm32.13.3.rel1.win32_1.0.100.202509120712/tools/bin/../lib/gcc/arm-none-eabi/13.3.1/../../../../arm-none-eabi/lib/thumb/v7e-m+fp/hard\libc_nano.a(libc_a-mprec.o)
                0x08010d02                __lo0bits
 .text.__i2b    0x08010d5c       0x2c C:/ST/STM32CubeIDE_1.19.0/STM32CubeIDE/plugins/com.st.stm32cube.ide.mcu.externaltools.gnu-tools-for-stm32.13.3.rel1.win32_1.0.100.202509120712/tools/bin/../lib/gcc/arm-none-eabi/13.3.1/../../../../arm-none-eabi/lib/thumb/v7e-m+fp/hard\libc_nano.a(libc_a-mprec.o)
                0x08010d5c                __i2b
 .text.__multiply
                0x08010d88      0x144 C:/ST/STM32CubeIDE_1.19.0/STM32CubeIDE/plugins/com.st.stm32cube.ide.mcu.externaltools.gnu-tools-for-stm32.13.3.rel1.win32_1.0.100.202509120712/tools/bin/../lib/gcc/arm-none-eabi/13.3.1/../../../../arm-none-eabi/lib/thumb/v7e-m+fp/hard\libc_nano.a(libc_a-mprec.o)
                0x08010d88                __multiply
 .text.__pow5mult
                0x08010ecc       0xb4 C:/ST/STM32CubeIDE_1.19.0/STM32CubeIDE/plugins/com.st.stm32cube.ide.mcu.externaltools.gnu-tools-for-stm32.13.3.rel1.win32_1.0.100.202509120712/tools/bin/../lib/gcc/arm-none-eabi/13.3.1/../../../../arm-none-eabi/lib/thumb/v7e-m+fp/hard\libc_nano.a(libc_a-mprec.o)
                0x08010ecc                __pow5mult
 .text.__lshift
                0x08010f80       0xd8 C:/ST/STM32CubeIDE_1.19.0/STM32CubeIDE/plugins/com.st.stm32cube.ide.mcu.externaltools.gnu-tools-for-stm32.13.3.rel1.win32_1.0.100.202509120712/tools/bin/../lib/gcc/arm-none-eabi/13.3.1/../../../../arm-none-eabi/lib/thumb/v7e-m+fp/hard\libc_nano.a(libc_a-mprec.o)
                0x08010f80                __lshift
 .text.__mcmp   0x08011058       0x36 C:/ST/STM32CubeIDE_1.19.0/STM32CubeIDE/plugins/com.st.stm32cube.ide.mcu.externaltools.gnu-tools-for-stm32.13.3.rel1.win32_1.0.100.202509120712/tools/bin/../lib/gcc/arm-none-eabi/13.3.1/../../../../arm-none-eabi/lib/thumb/v7e-m+fp/hard\libc_nano.a(libc_a-mprec.o)
                0x08011058                __mcmp
 *fill*         0x0801108e        0x2 
 .text.__mdiff  0x08011090      0x128 C:/ST/STM32CubeIDE_1.19.0/STM32CubeIDE/plugins/com.st.stm32cube.ide.mcu.externaltools.gnu-tools-for-stm32.13.3.rel1.win32_1.0.100.202509120712/tools/bin/../lib/gcc/arm-none-eabi/13.3.1/../../../../arm-none-eabi/lib/thumb/v7e-m+fp/hard\libc_nano.a(libc_a-mprec.o)
                0x08011090                __mdiff
 .text.__ulp    0x080111b8       0x4c C:/ST/STM32CubeIDE_1.19.0/STM32CubeIDE/plugins/com.st.stm32cube.ide.mcu.externaltools.gnu-tools-for-stm32.13.3.rel1.win32_1.0.100.202509120712/tools/bin/../lib/gcc/arm-none-eabi/13.3.1/../../../../arm-none-eabi/lib/thumb/v7e-m+fp/hard\libc_nano.a(libc_a-mprec.o)
                0x080111b8                __ulp
 .text.__b2d    0x08011204       0x94 C:/ST/STM32CubeIDE_1.19.0/STM32CubeIDE/plugins/com.st.stm32cube.ide.mcu.externaltools.gnu-tools-for-stm32.13.3.rel1.win32_1.0.100.202509120712/tools/bin/../lib/gcc/arm-none-eabi/13.3.1/../../../../arm-none-eabi/lib/thumb/v7e-m+fp/hard\libc_nano.a(libc_a-mprec.o)
                0x08011204                __b2d
 .text.__d2b    0x08011298       0xb0 C:/ST/STM32CubeIDE_1.19.0/STM32CubeIDE/plugins/com.st.stm32cube.ide.mcu.externaltools.gnu-tools-for-stm32.13.3.rel1.win32_1.0.100.202509120712/tools/bin/../lib/gcc/arm-none-eabi/13.3.1/../../../../arm-none-eabi/lib/thumb/v7e-m+fp/hard\libc_nano.a(libc_a-mprec.o)
                0x08011298                __d2b
 .text.__ratio  0x08011348       0x64 C:/ST/STM32CubeIDE_1.19.0/STM32CubeIDE/plugins/com.st.stm32cube.ide.mcu.externaltools.gnu-tools-for-stm32.13.3.rel1.win32_1.0.100.202509120712/tools/bin/../lib/gcc/arm-none-eabi/13.3.1/../../../../arm-none-eabi/lib/thumb/v7e-m+fp/hard\libc_nano.a(libc_a-mprec.o)
                0x08011348                __ratio
 .text._mprec_log10
                0x080113ac       0x3c C:/ST/STM32CubeIDE_1.19.0/STM32CubeIDE/plugins/com.st.stm32cube.ide.mcu.externaltools.gnu-tools-for-stm32.13.3.rel1.win32_1.0.100.202509120712/tools/bin/../lib/gcc/arm-none-eabi/13.3.1/../../../../arm-none-eabi/lib/thumb/v7e-m+fp/hard\libc_nano.a(libc_a-mprec.o)
                0x080113ac                _mprec_log10
 .text.__copybits
                0x080113e8       0x46 C:/ST/STM32CubeIDE_1.19.0/STM32CubeIDE/plugins/com.st.stm32cube.ide.mcu.externaltools.gnu-tools-for-stm32.13.3.rel1.win32_1.0.100.202509120712/tools/bin/../lib/gcc/arm-none-eabi/13.3.1/../../../../arm-none-eabi/lib/thumb/v7e-m+fp/hard\libc_nano.a(libc_a-mprec.o)
                0x080113e8                __copybits
 .text.__any_on
                0x0801142e       0x42 C:/ST/STM32CubeIDE_1.19.0/STM32CubeIDE/plugins/com.st.stm32cube.ide.mcu.externaltools.gnu-tools-for-stm32.13.3.rel1.win32_1.0.100.202509120712/tools/bin/../lib/gcc/arm-none-eabi/13.3.1/../../../../arm-none-eabi/lib/thumb/v7e-m+fp/hard\libc_nano.a(libc_a-mprec.o)
                0x0801142e                __any_on
 .text.sulp     0x08011470       0x3c C:/ST/STM32CubeIDE_1.19.0/STM32CubeIDE/plugins/com.st.stm32cube.ide.mcu.externaltools.gnu-tools-for-stm32.13.3.rel1.win32_1.0.100.202509120712/tools/bin/../lib/gcc/arm-none-eabi/13.3.1/../../../../arm-none-eabi/lib/thumb/v7e-m+fp/hard\libc_nano.a(libc_a-strtod.o)
 *fill*         0x080114ac        0x4 
 .text._strtod_l
                0x080114b0      0xbc8 C:/ST/STM32CubeIDE_1.19.0/STM32CubeIDE/plugins/com.st.stm32cube.ide.mcu.externaltools.gnu-tools-for-stm32.13.3.rel1.win32_1.0.100.202509120712/tools/bin/../lib/gcc/arm-none-eabi/13.3.1/../../../../arm-none-eabi/lib/thumb/v7e-m+fp/hard\libc_nano.a(libc_a-strtod.o)
                0x080114b0                _strtod_l
 .text._strtod_r
                0x08012078        0xc C:/ST/STM32CubeIDE_1.19.0/STM32CubeIDE/plugins/com.st.stm32cube.ide.mcu.externaltools.gnu-tools-for-stm32.13.3.rel1.win32_1.0.100.202509120712/tools/bin/../lib/gcc/arm-none-eabi/13.3.1/../../../../arm-none-eabi/lib/thumb/v7e-m+fp/hard\libc_nano.a(libc_a-strtod.o)
                0x08012078                _strtod_r
 .text._strtol_l.isra.0
                0x08012084       0xf4 C:/ST/STM32CubeIDE_1.19.0/STM32CubeIDE/plugins/com.st.stm32cube.ide.mcu.externaltools.gnu-tools-for-stm32.13.3.rel1.win32_1.0.100.202509120712/tools/bin/../lib/gcc/arm-none-eabi/13.3.1/../../../../arm-none-eabi/lib/thumb/v7e-m+fp/hard\libc_nano.a(libc_a-strtol.o)
 .text._strtol_r
                0x08012178        0x4 C:/ST/STM32CubeIDE_1.19.0/STM32CubeIDE/plugins/com.st.stm32cube.ide.mcu.externaltools.gnu-tools-for-stm32.13.3.rel1.win32_1.0.100.202509120712/tools/bin/../lib/gcc/arm-none-eabi/13.3.1/../../../../arm-none-eabi/lib/thumb/v7e-m+fp/hard\libc_nano.a(libc_a-strtol.o)
                0x08012178                _strtol_r
 .text.print_e  0x0801217c       0xe4 C:/ST/STM32CubeIDE_1.19.0/STM32CubeIDE/plugins/com.st.stm32cube.ide.mcu.externaltools.gnu-tools-for-stm32.13.3.rel1.win32_1.0.100.202509120712/tools/bin/../lib/gcc/arm-none-eabi/13.3.1/../../../../arm-none-eabi/lib/thumb/v7e-m+fp/hard\libc_nano.a(libc_a-ecvtbuf.o)
 .text._gcvt    0x08012260      0x1a0 C:/ST/STM32CubeIDE_1.19.0/STM32CubeIDE/plugins/com.st.stm32cube.ide.mcu.externaltools.gnu-tools-for-stm32.13.3.rel1.win32_1.0.100.202509120712/tools/bin/../lib/gcc/arm-none-eabi/13.3.1/../../../../arm-none-eabi/lib/thumb/v7e-m+fp/hard\libc_nano.a(libc_a-ecvtbuf.o)
                0x08012260                _gcvt
 .text.__ssputs_r
                0x08012400       0xb6 C:/ST/STM32CubeIDE_1.19.0/STM32CubeIDE/plugins/com.st.stm32cube.ide.mcu.externaltools.gnu-tools-for-stm32.13.3.rel1.win32_1.0.100.202509120712/tools/bin/../lib/gcc/arm-none-eabi/13.3.1/../../../../arm-none-eabi/lib/thumb/v7e-m+fp/hard\libc_nano.a(libc_a-nano-svfprintf.o)
                0x08012400                __ssputs_r
 *fill*         0x080124b6        0x2 
 .text._svfprintf_r
                0x080124b8      0x1f8 C:/ST/STM32CubeIDE_1.19.0/STM32CubeIDE/plugins/com.st.stm32cube.ide.mcu.externaltools.gnu-tools-for-stm32.13.3.rel1.win32_1.0.100.202509120712/tools/bin/../lib/gcc/arm-none-eabi/13.3.1/../../../../arm-none-eabi/lib/thumb/v7e-m+fp/hard\libc_nano.a(libc_a-nano-svfprintf.o)
                0x080124b8                _svfiprintf_r
                0x080124b8                _svfprintf_r
 .text.__sfputc_r
                0x080126b0       0x2e C:/ST/STM32CubeIDE_1.19.0/STM32CubeIDE/plugins/com.st.stm32cube.ide.mcu.externaltools.gnu-tools-for-stm32.13.3.rel1.win32_1.0.100.202509120712/tools/bin/../lib/gcc/arm-none-eabi/13.3.1/../../../../arm-none-eabi/lib/thumb/v7e-m+fp/hard\libc_nano.a(libc_a-nano-vfprintf.o)
 .text.__sfputs_r
                0x080126de       0x24 C:/ST/STM32CubeIDE_1.19.0/STM32CubeIDE/plugins/com.st.stm32cube.ide.mcu.externaltools.gnu-tools-for-stm32.13.3.rel1.win32_1.0.100.202509120712/tools/bin/../lib/gcc/arm-none-eabi/13.3.1/../../../../arm-none-eabi/lib/thumb/v7e-m+fp/hard\libc_nano.a(libc_a-nano-vfprintf.o)
                0x080126de                __sfputs_r
 *fill*         0x08012702        0x2 
 .text._vfprintf_r
                0x08012704      0x230 C:/ST/STM32CubeIDE_1.19.0/STM32CubeIDE/plugins/com.st.stm32cube.ide.mcu.externaltools.gnu-tools-for-stm32.13.3.rel1.win32_1.0.100.202509120712/tools/bin/../lib/gcc/arm-none-eabi/13.3.1/../../../../arm-none-eabi/lib/thumb/v7e-m+fp/hard\libc_nano.a(libc_a-nano-vfprintf.o)
                0x08012704                _vfprintf_r
                0x08012704                _vfiprintf_r
 .text.__sflush_r
                0x08012934      0x108 C:/ST/STM32CubeIDE_1.19.0/STM32CubeIDE/plugins/com.st.stm32cube.ide.mcu.externaltools.gnu-tools-for-stm32.13.3.rel1.win32_1.0.100.202509120712/tools/bin/../lib/gcc/arm-none-eabi/13.3.1/../../../../arm-none-eabi/lib/thumb/v7e-m+fp/hard\libc_nano.a(libc_a-fflush.o)
                0x08012934                __sflush_r
 .text._fflush_r
                0x08012a3c       0x50 C:/ST/STM32CubeIDE_1.19.0/STM32CubeIDE/plugins/com.st.stm32cube.ide.mcu.externaltools.gnu-tools-for-stm32.13.3.rel1.win32_1.0.100.202509120712/tools/bin/../lib/gcc/arm-none-eabi/13.3.1/../../../../arm-none-eabi/lib/thumb/v7e-m+fp/hard\libc_nano.a(libc_a-fflush.o)
                0x08012a3c                _fflush_r
 .text.__swbuf_r
                0x08012a8c       0x7c C:/ST/STM32CubeIDE_1.19.0/STM32CubeIDE/plugins/com.st.stm32cube.ide.mcu.externaltools.gnu-tools-for-stm32.13.3.rel1.win32_1.0.100.202509120712/tools/bin/../lib/gcc/arm-none-eabi/13.3.1/../../../../arm-none-eabi/lib/thumb/v7e-m+fp/hard\libc_nano.a(libc_a-wbuf.o)
                0x08012a8c                __swbuf_r
 .text.__swsetup_r
                0x08012b08       0xac C:/ST/STM32CubeIDE_1.19.0/STM32CubeIDE/plugins/com.st.stm32cube.ide.mcu.externaltools.gnu-tools-for-stm32.13.3.rel1.win32_1.0.100.202509120712/tools/bin/../lib/gcc/arm-none-eabi/13.3.1/../../../../arm-none-eabi/lib/thumb/v7e-m+fp/hard\libc_nano.a(libc_a-wsetup.o)
                0x08012b08                __swsetup_r
 .text.memmove  0x08012bb4       0x34 C:/ST/STM32CubeIDE_1.19.0/STM32CubeIDE/plugins/com.st.stm32cube.ide.mcu.externaltools.gnu-tools-for-stm32.13.3.rel1.win32_1.0.100.202509120712/tools/bin/../lib/gcc/arm-none-eabi/13.3.1/../../../../arm-none-eabi/lib/thumb/v7e-m+fp/hard\libc_nano.a(libc_a-memmove.o)
                0x08012bb4                memmove
 .text.strncmp  0x08012be8       0x24 C:/ST/STM32CubeIDE_1.19.0/STM32CubeIDE/plugins/com.st.stm32cube.ide.mcu.externaltools.gnu-tools-for-stm32.13.3.rel1.win32_1.0.100.202509120712/tools/bin/../lib/gcc/arm-none-eabi/13.3.1/../../../../arm-none-eabi/lib/thumb/v7e-m+fp/hard\libc_nano.a(libc_a-strncmp.o)
                0x08012be8                strncmp
 .text._raise_r
                0x08012c0c       0x50 C:/ST/STM32CubeIDE_1.19.0/STM32CubeIDE/plugins/com.st.stm32cube.ide.mcu.externaltools.gnu-tools-for-stm32.13.3.rel1.win32_1.0.100.202509120712/tools/bin/../lib/gcc/arm-none-eabi/13.3.1/../../../../arm-none-eabi/lib/thumb/v7e-m+fp/hard\libc_nano.a(libc_a-signal.o)
                0x08012c0c                _raise_r
 .text.raise    0x08012c5c       0x10 C:/ST/STM32CubeIDE_1.19.0/STM32CubeIDE/plugins/com.st.stm32cube.ide.mcu.externaltools.gnu-tools-for-stm32.13.3.rel1.win32_1.0.100.202509120712/tools/bin/../lib/gcc/arm-none-eabi/13.3.1/../../../../arm-none-eabi/lib/thumb/v7e-m+fp/hard\libc_nano.a(libc_a-signal.o)
                0x08012c5c                raise
 .text._kill_r  0x08012c6c       0x24 C:/ST/STM32CubeIDE_1.19.0/STM32CubeIDE/plugins/com.st.stm32cube.ide.mcu.externaltools.gnu-tools-for-stm32.13.3.rel1.win32_1.0.100.202509120712/tools/bin/../lib/gcc/arm-none-eabi/13.3.1/../../../../arm-none-eabi/lib/thumb/v7e-m+fp/hard\libc_nano.a(libc_a-signalr.o)
                0x08012c6c                _kill_r
 .text._getpid_r
                0x08012c90        0x4 C:/ST/STM32CubeIDE_1.19.0/STM32CubeIDE/plugins/com.st.stm32cube.ide.mcu.externaltools.gnu-tools-for-stm32.13.3.rel1.win32_1.0.100.202509120712/tools/bin/../lib/gcc/arm-none-eabi/13.3.1/../../../../arm-none-eabi/lib/thumb/v7e-m+fp/hard\libc_nano.a(libc_a-signalr.o)
                0x08012c90                _getpid_r
 .text._sbrk_r  0x08012c94       0x20 C:/ST/STM32CubeIDE_1.19.0/STM32CubeIDE/plugins/com.st.stm32cube.ide.mcu.externaltools.gnu-tools-for-stm32.13.3.rel1.win32_1.0.100.202509120712/tools/bin/../lib/gcc/arm-none-eabi/13.3.1/../../../../arm-none-eabi/lib/thumb/v7e-m+fp/hard\libc_nano.a(libc_a-sbrkr.o)
                0x08012c94                _sbrk_r
 .text.strcpy   0x08012cb4       0x10 C:/ST/STM32CubeIDE_1.19.0/STM32CubeIDE/plugins/com.st.stm32cube.ide.mcu.externaltools.gnu-tools-for-stm32.13.3.rel1.win32_1.0.100.202509120712/tools/bin/../lib/gcc/arm-none-eabi/13.3.1/../../../../arm-none-eabi/lib/thumb/v7e-m+fp/hard\libc_nano.a(libc_a-strcpy.o)
                0x08012cb4                strcpy
 *fill*         0x08012cc4        0x4 
 .text.nan      0x08012cc8       0x10 C:/ST/STM32CubeIDE_1.19.0/STM32CubeIDE/plugins/com.st.stm32cube.ide.mcu.externaltools.gnu-tools-for-stm32.13.3.rel1.win32_1.0.100.202509120712/tools/bin/../lib/gcc/arm-none-eabi/13.3.1/../../../../arm-none-eabi/lib/thumb/v7e-m+fp/hard\libc_nano.a(libm_a-s_nan.o)
                0x08012cc8                nan
 .text._calloc_r
                0x08012cd8       0x28 C:/ST/STM32CubeIDE_1.19.0/STM32CubeIDE/plugins/com.st.stm32cube.ide.mcu.externaltools.gnu-tools-for-stm32.13.3.rel1.win32_1.0.100.202509120712/tools/bin/../lib/gcc/arm-none-eabi/13.3.1/../../../../arm-none-eabi/lib/thumb/v7e-m+fp/hard\libc_nano.a(libc_a-callocr.o)
                0x08012cd8                _calloc_r
 .text.rshift   0x08012d00       0xa4 C:/ST/STM32CubeIDE_1.19.0/STM32CubeIDE/plugins/com.st.stm32cube.ide.mcu.externaltools.gnu-tools-for-stm32.13.3.rel1.win32_1.0.100.202509120712/tools/bin/../lib/gcc/arm-none-eabi/13.3.1/../../../../arm-none-eabi/lib/thumb/v7e-m+fp/hard\libc_nano.a(libc_a-gdtoa-gethex.o)
 .text.__hexdig_fun
                0x08012da4       0x2a C:/ST/STM32CubeIDE_1.19.0/STM32CubeIDE/plugins/com.st.stm32cube.ide.mcu.externaltools.gnu-tools-for-stm32.13.3.rel1.win32_1.0.100.202509120712/tools/bin/../lib/gcc/arm-none-eabi/13.3.1/../../../../arm-none-eabi/lib/thumb/v7e-m+fp/hard\libc_nano.a(libc_a-gdtoa-gethex.o)
                0x08012da4                __hexdig_fun
 *fill*         0x08012dce        0x2 
 .text.__gethex
                0x08012dd0      0x420 C:/ST/STM32CubeIDE_1.19.0/STM32CubeIDE/plugins/com.st.stm32cube.ide.mcu.externaltools.gnu-tools-for-stm32.13.3.rel1.win32_1.0.100.202509120712/tools/bin/../lib/gcc/arm-none-eabi/13.3.1/../../../../arm-none-eabi/lib/thumb/v7e-m+fp/hard\libc_nano.a(libc_a-gdtoa-gethex.o)
                0x08012dd0                __gethex