../Core/Src/debug.c:40:6:debug_init	8	static
../Core/Src/debug.c:50:6:debug_led	16	static
../Core/Src/debug.c:54:6:debug_char	24	static
../Core/Src/debug.c:60:6:debug_hex	16	static
../Core/Src/debug.c:65:6:debug_buf	16	static
../Core/Src/debug.c:74:6:debug_uint	24	static
../Core/Src/debug.c:80:6:debug_int	48	static
../Core/Src/debug.c:87:6:debug_str	16	static
../Core/Src/debug.c:93:6:debug_float2str	128	static
../Core/Src/debug.c:101:6:debug_valfloat	24	static
../Core/Src/debug.c:108:6:debug_val	16	static
../Core/Src/debug.c:115:6:debug_valdec	16	static
../Core/Src/debug.c:122:5:debug_fmt	80	static
../Core/Src/debug.c:146:6:debug_event	16	static
