../Core/Src/hal.c:58:13:hal_io_init	4	static
../Core/Src/hal.c:64:6:hal_pin_rxtx	16	static
../Core/Src/hal.c:74:6:hal_pin_nss	16	static
../Core/Src/hal.c:79:6:hal_pin_rst	56	static
../Core/Src/hal.c:101:6:HAL_GPIO_EXTI_Callback	16	static
../Core/Src/hal.c:121:6:hal_spi_init	4	static
../Core/Src/hal.c:126:6:hal_spi	32	static
../Core/Src/hal.c:137:13:hal_time_init	4	static
../Core/Src/hal.c:141:6:hal_ticks	16	static
../Core/Src/hal.c:156:13:deltaticks	24	static
../Core/Src/hal.c:164:6:hal_waitUntil	16	static
../Core/Src/hal.c:169:6:hal_checkTimer	24	static
../Core/Src/hal.c:183:6:HAL_TIM_PeriodElapsedCallback	16	static
../Core/Src/hal.c:191:6:hal_disableIRQs	4	static,ignoring_inline_asm
../Core/Src/hal.c:197:6:hal_enableIRQs	4	static,ignoring_inline_asm
../Core/Src/hal.c:204:6:hal_sleep	4	static,ignoring_inline_asm
../Core/Src/hal.c:215:6:hal_init	8	static
../Core/Src/hal.c:227:6:hal_failed	8	static
